\BOOKMARK [0][-]{chapter.1}{\376\377\000L\000i\000n\000e\000a\000r\000\040\000A\000l\000g\000e\000b\000r\000a\000\040\000F\000o\000r\000m\000a\000l\000i\000s\000m\000\040\000o\000f\000\040\000Q\000u\000a\000n\000t\000u\000m\000\040\000M\000e\000c\000h\000a\000n\000i\000c\000s}{}% 1
\BOOKMARK [1][-]{section.1.1}{\376\377\000V\000e\000c\000t\000o\000r\000s\000\040\000i\000n\000\040\000H\000i\000l\000b\000e\000r\000t\000\040\000S\000p\000a\000c\000e}{chapter.1}% 2
\BOOKMARK [1][-]{section.1.2}{\376\377\000O\000p\000e\000r\000a\000t\000o\000r\000s}{chapter.1}% 3
\BOOKMARK [2][-]{subsection.1.2.1}{\376\377\000O\000p\000e\000r\000a\000t\000o\000r\000s\000\040\000a\000n\000d\000\040\000M\000a\000t\000r\000i\000c\000e\000s}{section.1.2}% 4
\BOOKMARK [2][-]{subsection.1.2.2}{\376\377\000P\000r\000o\000j\000e\000c\000t\000i\000o\000n\000\040\000O\000p\000e\000r\000a\000t\000o\000r\000s\000\040\000a\000n\000d\000\040\000I\000d\000e\000n\000t\000i\000t\000y\000\040\000O\000p\000e\000r\000a\000t\000o\000r\000s}{section.1.2}% 5
\BOOKMARK [2][-]{subsection.1.2.3}{\376\377\000H\000e\000r\000m\000i\000t\000i\000a\000n\000\040\000O\000p\000e\000r\000a\000t\000o\000r\000s}{section.1.2}% 6
\BOOKMARK [2][-]{subsection.1.2.4}{\376\377\000E\000x\000p\000e\000c\000t\000a\000t\000i\000o\000n\000\040\000V\000a\000l\000u\000e\000s}{section.1.2}% 7
\BOOKMARK [1][-]{section.1.3}{\376\377\000C\000h\000a\000n\000g\000e\000\040\000o\000f\000\040\000B\000a\000s\000i\000s}{chapter.1}% 8
\BOOKMARK [1][-]{section.1.4}{\376\377\000U\000n\000c\000e\000r\000t\000a\000i\000n\000t\000y\000\040\000P\000r\000i\000n\000c\000i\000p\000l\000e\000s}{chapter.1}% 9
\BOOKMARK [2][-]{subsection.1.4.1}{\376\377\000H\000e\000i\000s\000e\000n\000b\000e\000r\000g\000\040\000U\000n\000c\000e\000r\000t\000a\000i\000n\000t\000y\000\040\000P\000r\000i\000n\000c\000i\000p\000l\000e}{section.1.4}% 10
\BOOKMARK [2][-]{subsection.1.4.2}{\376\377\000E\000h\000r\000e\000n\000f\000e\000s\000t\000\040\000T\000h\000e\000o\000r\000e\000m\000\040\000a\000n\000d\000\040\000E\000n\000e\000r\000g\000y\000-\000T\000i\000m\000e\000\040\000U\000n\000c\000e\000r\000t\000a\000i\000n\000t\000y\000\040\000P\000r\000i\000n\000c\000i\000p\000l\000e}{section.1.4}% 11
\BOOKMARK [1][-]{section.1.5}{\376\377\000T\000o\000\040\000C\000o\000n\000c\000l\000u\000d\000e\000.\000.\000.}{chapter.1}% 12
\BOOKMARK [0][-]{chapter.2}{\376\377\000S\000c\000h\000r\000\366\000d\000i\000n\000g\000e\000r\000'\000s\000\040\000E\000q\000u\000a\000t\000i\000o\000n}{}% 13
\BOOKMARK [1][-]{section.2.1}{\376\377\000T\000i\000m\000e\000-\000I\000n\000d\000e\000p\000e\000n\000d\000e\000n\000t\000\040\000S\000c\000h\000r\000\366\000d\000i\000n\000g\000e\000r\000\040\000E\000q\000u\000a\000t\000i\000o\000n}{chapter.2}% 14
\BOOKMARK [1][-]{section.2.2}{\376\377\000I\000n\000f\000i\000n\000i\000t\000e\000\040\000S\000q\000u\000a\000r\000e\000\040\000W\000e\000l\000l}{chapter.2}% 15
\BOOKMARK [1][-]{section.2.3}{\376\377\000D\000e\000l\000t\000a\000\040\000F\000u\000n\000c\000t\000i\000o\000n\000\040\000P\000o\000t\000e\000n\000t\000i\000a\000l}{chapter.2}% 16
\BOOKMARK [2][-]{subsection.2.3.1}{\376\377\000B\000o\000u\000n\000d\000\040\000S\000t\000a\000t\000e\000s}{section.2.3}% 17
\BOOKMARK [2][-]{subsection.2.3.2}{\376\377\000S\000c\000a\000t\000t\000e\000r\000i\000n\000g\000\040\000S\000t\000a\000t\000e\000s}{section.2.3}% 18
\BOOKMARK [1][-]{section.2.4}{\376\377\000F\000i\000n\000i\000t\000e\000\040\000S\000q\000u\000a\000r\000e\000\040\000W\000e\000l\000l}{chapter.2}% 19
\BOOKMARK [2][-]{subsection.2.4.1}{\376\377\000B\000o\000u\000n\000d\000\040\000S\000t\000a\000t\000e\000s}{section.2.4}% 20
\BOOKMARK [2][-]{subsection.2.4.2}{\376\377\000S\000c\000a\000t\000t\000e\000r\000i\000n\000g\000\040\000S\000t\000a\000t\000e\000s}{section.2.4}% 21
\BOOKMARK [1][-]{section.2.5}{\376\377\000H\000a\000r\000m\000o\000n\000i\000c\000\040\000O\000s\000c\000i\000l\000l\000a\000t\000o\000r\000\040\000a\000n\000d\000\040\000L\000a\000d\000d\000e\000r\000\040\000O\000p\000e\000r\000a\000t\000o\000r\000s}{chapter.2}% 22
\BOOKMARK [0][-]{chapter.3}{\376\377\000A\000n\000g\000u\000l\000a\000r\000\040\000M\000o\000m\000e\000n\000t\000u\000m\000\040\000a\000n\000d\000\040\000S\000p\000i\000n}{}% 23
\BOOKMARK [1][-]{section.3.1}{\376\377\000E\000i\000g\000e\000n\000v\000a\000l\000u\000e\000s\000\040\000o\000f\000\040\000A\000n\000g\000u\000l\000a\000r\000\040\000M\000o\000m\000e\000n\000t\000u\000m\000\040\000O\000p\000e\000r\000a\000t\000o\000r\000s}{chapter.3}% 24
\BOOKMARK [2][-]{subsection.3.1.1}{\376\377\000L\000a\000d\000d\000e\000r\000\040\000O\000p\000e\000r\000a\000t\000o\000r\000s}{section.3.1}% 25
\BOOKMARK [2][-]{subsection.3.1.2}{\376\377\000Q\000u\000a\000n\000t\000i\000z\000a\000t\000i\000o\000n\000\040\000o\000f\000\040\000E\000i\000g\000e\000n\000v\000a\000l\000u\000e\000s}{section.3.1}% 26
\BOOKMARK [1][-]{section.3.2}{\376\377\000E\000i\000g\000e\000n\000f\000u\000n\000c\000t\000i\000o\000n\000s\000\040\000o\000f\000\040\000A\000n\000g\000u\000l\000a\000r\000\040\000M\000o\000m\000e\000n\000t\000u\000m}{chapter.3}% 27
\BOOKMARK [1][-]{section.3.3}{\376\377\000S\000p\000i\000n\000\040\000a\000n\000d\000\040\000S\000p\000i\000n\000\040\000O\000p\000e\000r\000a\000t\000o\000r\000s}{chapter.3}% 28
\BOOKMARK [2][-]{subsection.3.3.1}{\376\377\000S\000p\000i\000n\000-\0001\000/\0002\000\040\000a\000n\000d\000\040\000P\000a\000u\000l\000i\000\040\000M\000a\000t\000r\000i\000c\000e\000s}{section.3.3}% 29
\BOOKMARK [2][-]{subsection.3.3.2}{\376\377\000L\000a\000r\000m\000o\000r\000\040\000P\000r\000e\000c\000e\000s\000s\000i\000o\000n\000:\000\040\000A\000p\000p\000l\000i\000c\000a\000t\000i\000o\000n\000\040\000o\000f\000\040\000S\000p\000i\000n}{section.3.3}% 30
\BOOKMARK [1][-]{section.3.4}{\376\377\000A\000d\000d\000i\000t\000i\000o\000n\000\040\000o\000f\000\040\000A\000n\000g\000u\000l\000a\000r\000\040\000M\000o\000m\000e\000n\000t\000u\000m}{chapter.3}% 31
\BOOKMARK [2][-]{subsection.3.4.1}{\376\377\000C\000l\000e\000b\000s\000c\000h\000-\000G\000o\000r\000d\000a\000n\000\040\000C\000o\000e\000f\000f\000i\000c\000i\000e\000n\000t\000s}{section.3.4}% 32
\BOOKMARK [2][-]{subsection.3.4.2}{\376\377\000S\000p\000i\000n\000-\0001\000/\0002\000\040\000a\000n\000d\000\040\000E\000n\000t\000a\000n\000g\000l\000e\000m\000e\000n\000t}{section.3.4}% 33
\BOOKMARK [0][-]{chapter.4}{\376\377\000S\000t\000r\000u\000c\000t\000u\000r\000e\000\040\000o\000f\000\040\000S\000i\000n\000g\000l\000e\000-\000E\000l\000e\000c\000t\000r\000o\000n\000\040\000A\000t\000o\000m\000s}{}% 34
\BOOKMARK [1][-]{section.4.1}{\376\377\000S\000o\000l\000u\000t\000i\000o\000n\000\040\000o\000f\000\040\000t\000h\000e\000\040\000S\000c\000h\000r\000\366\000d\000i\000n\000g\000e\000r\000\040\000E\000q\000u\000a\000t\000i\000o\000n}{chapter.4}% 35
\BOOKMARK [2][-]{subsection.4.1.1}{\376\377\000S\000e\000p\000a\000r\000a\000t\000i\000o\000n\000\040\000o\000f\000\040\000R\000e\000l\000a\000t\000i\000v\000e\000\040\000M\000o\000t\000i\000o\000n}{section.4.1}% 36
\BOOKMARK [2][-]{subsection.4.1.2}{\376\377\000S\000e\000p\000a\000r\000a\000t\000i\000o\000n\000\040\000o\000f\000\040\000V\000a\000r\000i\000a\000b\000l\000e\000s}{section.4.1}% 37
\BOOKMARK [1][-]{section.4.2}{\376\377\000P\000r\000o\000p\000e\000r\000t\000i\000e\000s\000\040\000o\000f\000\040\000A\000t\000o\000m\000i\000c\000\040\000O\000r\000b\000i\000t\000a\000l\000s}{chapter.4}% 38
\BOOKMARK [2][-]{subsection.4.2.1}{\376\377\000S\000h\000e\000l\000l\000s\000,\000\040\000S\000u\000b\000s\000h\000e\000l\000l\000s\000\040\000a\000n\000d\000\040\000O\000r\000b\000i\000t\000a\000l\000s}{section.4.2}% 39
\BOOKMARK [2][-]{subsection.4.2.2}{\376\377\000R\000a\000d\000i\000u\000s\000,\000\040\000N\000o\000d\000e\000s\000\040\000a\000n\000d\000\040\000R\000a\000d\000i\000a\000l\000\040\000D\000i\000s\000t\000r\000i\000b\000u\000t\000i\000o\000n}{section.4.2}% 40
\BOOKMARK [2][-]{subsection.4.2.3}{\376\377\000S\000p\000e\000c\000t\000r\000a\000\040\000a\000n\000d\000\040\000I\000o\000n\000i\000z\000a\000t\000i\000o\000n\000\040\000E\000n\000e\000r\000g\000y\000\040\000o\000f\000\040\000S\000i\000n\000g\000l\000e\000-\000E\000l\000e\000c\000t\000r\000o\000n\000\040\000A\000t\000o\000m\000s}{section.4.2}% 41
\BOOKMARK [1][-]{section.4.3}{\376\377\000F\000i\000n\000e\000\040\000S\000t\000r\000u\000c\000t\000u\000r\000e\000\040\000a\000n\000d\000\040\000C\000o\000r\000r\000e\000c\000t\000i\000o\000n\000s}{chapter.4}% 42
\BOOKMARK [2][-]{subsection.4.3.1}{\376\377\000R\000e\000l\000a\000t\000i\000v\000i\000s\000t\000i\000c\000\040\000C\000o\000r\000r\000e\000c\000t\000i\000o\000n}{section.4.3}% 43
\BOOKMARK [2][-]{subsection.4.3.2}{\376\377\000S\000p\000i\000n\000-\000O\000r\000b\000i\000t\000\040\000C\000o\000u\000p\000l\000i\000n\000g}{section.4.3}% 44
\BOOKMARK [0][-]{chapter.5}{\376\377\000S\000t\000r\000u\000c\000t\000u\000r\000e\000\040\000o\000f\000\040\000M\000u\000l\000t\000i\000p\000l\000e\000-\000E\000l\000e\000c\000t\000r\000o\000n\000\040\000A\000t\000o\000m\000s}{}% 45
\BOOKMARK [1][-]{section.5.1}{\376\377\000I\000d\000e\000n\000t\000i\000c\000a\000l\000\040\000P\000a\000r\000t\000i\000c\000l\000e\000s}{chapter.5}% 46
\BOOKMARK [2][-]{subsection.5.1.1}{\376\377\000D\000i\000r\000e\000c\000t\000\040\000S\000u\000m\000s\000\040\000a\000n\000d\000\040\000D\000i\000r\000e\000c\000t\000\040\000P\000r\000o\000d\000u\000c\000t\000s\000\040\000o\000f\000\040\000S\000t\000a\000t\000e\000s}{section.5.1}% 47
\BOOKMARK [2][-]{subsection.5.1.2}{\376\377\000Q\000u\000a\000n\000t\000u\000m\000\040\000E\000n\000t\000a\000n\000g\000l\000e\000m\000e\000n\000t}{section.5.1}% 48
\BOOKMARK [2][-]{subsection.5.1.3}{\376\377\000B\000o\000s\000o\000n\000s\000\040\000a\000n\000d\000\040\000F\000e\000r\000m\000i\000o\000n\000s}{section.5.1}% 49
\BOOKMARK [2][-]{subsection.5.1.4}{\376\377\000E\000x\000c\000h\000a\000n\000g\000e\000\040\000E\000n\000e\000r\000g\000y}{section.5.1}% 50
\BOOKMARK [1][-]{section.5.2}{\376\377\000S\000p\000i\000n\000\040\000a\000n\000d\000\040\000T\000o\000t\000a\000l\000\040\000W\000a\000v\000e\000f\000u\000n\000c\000t\000i\000o\000n}{chapter.5}% 51
\BOOKMARK [2][-]{subsection.5.2.1}{\376\377\000H\000u\000n\000d\000'\000s\000\040\000F\000i\000r\000s\000t\000\040\000R\000u\000l\000e}{section.5.2}% 52
\BOOKMARK [2][-]{subsection.5.2.2}{\376\377\000S\000l\000a\000t\000e\000r\000\040\000D\000e\000t\000e\000r\000m\000i\000n\000a\000n\000t}{section.5.2}% 53
\BOOKMARK [1][-]{section.5.3}{\376\377\000E\000l\000e\000c\000t\000r\000o\000n\000i\000c\000\040\000S\000t\000r\000u\000c\000t\000u\000r\000e\000\040\000o\000f\000\040\000M\000a\000n\000y\000-\000E\000l\000e\000c\000t\000r\000o\000n\000\040\000A\000t\000o\000m\000s}{chapter.5}% 54
\BOOKMARK [2][-]{subsection.5.3.1}{\376\377\000P\000e\000n\000e\000t\000r\000a\000t\000i\000o\000n\000\040\000a\000n\000d\000\040\000S\000h\000i\000e\000l\000d\000i\000n\000g}{section.5.3}% 55
\BOOKMARK [2][-]{subsection.5.3.2}{\376\377\000S\000u\000b\000s\000h\000e\000l\000l\000\040\000F\000i\000l\000l\000i\000n\000g}{section.5.3}% 56
\BOOKMARK [2][-]{subsection.5.3.3}{\376\377\000S\000p\000i\000n\000-\000O\000r\000b\000i\000t\000\040\000C\000o\000u\000p\000l\000i\000n\000g\000\040\000a\000n\000d\000\040\000T\000e\000r\000m\000\040\000S\000y\000m\000b\000o\000l\000s}{section.5.3}% 57
\BOOKMARK [2][-]{subsection.5.3.4}{\376\377\000G\000r\000o\000u\000n\000d\000\040\000S\000t\000a\000t\000e\000\040\000M\000i\000c\000r\000o\000s\000t\000a\000t\000e\000s\000\040\000a\000n\000d\000\040\000H\000u\000n\000d\000'\000s\000\040\000R\000u\000l\000e\000s}{section.5.3}% 58
\BOOKMARK [1][-]{section.5.4}{\376\377\000A\000t\000o\000m\000i\000c\000\040\000R\000a\000d\000i\000u\000s}{chapter.5}% 59
\BOOKMARK [2][-]{subsection.5.4.1}{\376\377\000L\000a\000n\000t\000h\000a\000n\000i\000d\000e\000\040\000C\000o\000n\000t\000r\000a\000c\000t\000i\000o\000n}{section.5.4}% 60
\BOOKMARK [2][-]{subsection.5.4.2}{\376\377\000R\000e\000l\000a\000t\000i\000v\000i\000s\000t\000i\000c\000\040\000C\000o\000n\000t\000r\000a\000c\000t\000i\000o\000n}{section.5.4}% 61
\BOOKMARK [2][-]{subsection.5.4.3}{\376\377\000I\000n\000e\000r\000t\000\040\000P\000a\000i\000r\000\040\000E\000f\000f\000e\000c\000t}{section.5.4}% 62
\BOOKMARK [0][-]{chapter.6}{\376\377\000B\000o\000n\000d\000s\000\040\000a\000n\000d\000\040\000O\000r\000b\000i\000t\000a\000l\000s}{}% 63
\BOOKMARK [1][-]{section.6.1}{\376\377\000L\000i\000n\000e\000a\000r\000\040\000C\000o\000m\000b\000i\000n\000a\000t\000i\000o\000n\000\040\000o\000f\000\040\000A\000t\000o\000m\000i\000c\000\040\000O\000r\000b\000i\000t\000a\000l\000s}{chapter.6}% 64
\BOOKMARK [2][-]{subsection.6.1.1}{\376\377\000V\000a\000r\000i\000a\000t\000i\000o\000n\000a\000l\000\040\000F\000o\000r\000m\000u\000l\000a\000t\000i\000o\000n}{section.6.1}% 65
\BOOKMARK [2][-]{subsection.6.1.2}{\376\377\000M\000a\000t\000r\000i\000x\000\040\000G\000e\000n\000e\000r\000a\000l\000i\000z\000a\000t\000i\000o\000n\000\040\000a\000n\000d\000\040\000H\000\374\000c\000k\000e\000l\000\040\000A\000p\000p\000r\000o\000x\000i\000m\000a\000t\000i\000o\000n}{section.6.1}% 66
\BOOKMARK [1][-]{section.6.2}{\376\377\000T\000w\000o\000-\000O\000r\000b\000i\000t\000a\000l\000\040\000I\000n\000t\000e\000r\000a\000c\000t\000i\000o\000n\000\040\000M\000o\000d\000e\000l}{chapter.6}% 67
\BOOKMARK [2][-]{subsection.6.2.1}{\376\377\000B\000o\000n\000d\000i\000n\000g\000\040\000a\000n\000d\000\040\000A\000n\000t\000i\000b\000o\000n\000d\000i\000n\000g}{section.6.2}% 68
\BOOKMARK [2][-]{subsection.6.2.2}{\376\377\000S\000t\000a\000b\000i\000l\000i\000z\000a\000t\000i\000o\000n}{section.6.2}% 69
\BOOKMARK [2][-]{subsection.6.2.3}{\376\377\000B\000o\000n\000d\000\040\000O\000r\000d\000e\000r\000\040\000a\000n\000d\000\040\000P\000o\000l\000a\000r\000i\000t\000y}{section.6.2}% 70
\BOOKMARK [1][-]{section.6.3}{\376\377\000C\000o\000n\000j\000u\000g\000a\000t\000e\000\040\000S\000y\000s\000t\000e\000m\000s}{chapter.6}% 71
\BOOKMARK [2][-]{subsection.6.3.1}{\376\377\000L\000i\000n\000e\000a\000r\000\040\000C\000o\000n\000j\000u\000g\000a\000t\000e\000\040\000S\000y\000s\000t\000e\000m\000s}{section.6.3}% 72
\BOOKMARK [2][-]{subsection.6.3.2}{\376\377\000C\000i\000r\000c\000u\000l\000a\000r\000\040\000C\000o\000n\000j\000u\000g\000a\000t\000e\000\040\000S\000y\000s\000t\000e\000m\000:\000\040\000A\000r\000o\000m\000a\000t\000i\000c\000i\000t\000y}{section.6.3}% 73
\BOOKMARK [1][-]{section.6.4}{\376\377\000M\000o\000l\000e\000c\000u\000l\000a\000r\000\040\000O\000r\000b\000i\000t\000a\000l\000\040\000T\000h\000e\000o\000r\000y\000\040\000a\000n\000d\000\040\000V\000a\000l\000e\000n\000c\000e\000-\000B\000o\000n\000d\000\040\000T\000h\000e\000o\000r\000y}{chapter.6}% 74
\BOOKMARK [2][-]{subsection.6.4.1}{\376\377\000G\000e\000n\000e\000r\000a\000l\000\040\000M\000o\000l\000e\000c\000u\000l\000a\000r\000\040\000O\000r\000b\000i\000t\000a\000l\000\040\000T\000h\000e\000o\000r\000y}{section.6.4}% 75
\BOOKMARK [2][-]{subsection.6.4.2}{\376\377\000E\000l\000e\000c\000t\000r\000o\000n\000i\000c\000\040\000C\000o\000n\000f\000i\000g\000u\000r\000a\000t\000i\000o\000n}{section.6.4}% 76
\BOOKMARK [2][-]{subsection.6.4.3}{\376\377\000H\000y\000b\000r\000i\000d\000i\000z\000a\000t\000i\000o\000n}{section.6.4}% 77
\BOOKMARK [2][-]{subsection.6.4.4}{\376\377\000B\000e\000n\000t\000'\000s\000\040\000R\000u\000l\000e\000\040\000a\000n\000d\000\040\000s\000p\000n\000\040\000H\000y\000b\000r\000i\000d\000i\000z\000a\000t\000i\000o\000n}{section.6.4}% 78
\BOOKMARK [1][-]{section.6.5}{\376\377\000B\000o\000n\000d\000i\000n\000g\000\040\000i\000n\000\040\000C\000l\000u\000s\000t\000e\000r\000s}{chapter.6}% 79
\BOOKMARK [2][-]{subsection.6.5.1}{\376\377\000S\000i\000n\000g\000l\000e\000\040\000P\000o\000l\000y\000h\000e\000d\000r\000a}{section.6.5}% 80
\BOOKMARK [2][-]{subsection.6.5.2}{\376\377\000C\000o\000n\000d\000e\000n\000s\000e\000d\000\040\000P\000o\000l\000y\000h\000e\000d\000r\000a}{section.6.5}% 81
\BOOKMARK [2][-]{subsection.6.5.3}{\376\377\000I\000s\000o\000l\000o\000b\000a\000l\000\040\000P\000r\000i\000n\000c\000i\000p\000a\000l}{section.6.5}% 82
\BOOKMARK [0][-]{chapter.7}{\376\377\000G\000r\000o\000u\000p\000\040\000T\000h\000e\000o\000r\000y\000\040\000i\000n\000\040\000C\000h\000e\000m\000i\000s\000t\000r\000y}{}% 83
\BOOKMARK [1][-]{section.7.1}{\376\377\000B\000a\000s\000i\000c\000\040\000G\000r\000o\000u\000p\000\040\000T\000h\000e\000o\000r\000y}{chapter.7}% 84
\BOOKMARK [2][-]{subsection.7.1.1}{\376\377\000T\000h\000e\000\040\000D\000e\000f\000i\000n\000i\000t\000i\000o\000n\000\040\000a\000n\000d\000\040\000R\000e\000p\000r\000e\000s\000e\000n\000t\000a\000t\000i\000o\000n\000\040\000o\000f\000\040\000P\000o\000i\000n\000t\000\040\000G\000r\000o\000u\000p\000s}{section.7.1}% 85
\BOOKMARK [2][-]{subsection.7.1.2}{\376\377\000T\000h\000e\000\040\000P\000r\000o\000p\000e\000r\000t\000i\000e\000s\000\040\000o\000f\000\040\000R\000e\000p\000r\000e\000s\000e\000n\000t\000a\000t\000i\000o\000n\000s\000\040\000a\000n\000d\000\040\000C\000h\000a\000r\000a\000c\000t\000e\000r\000s}{section.7.1}% 86
\BOOKMARK [1][-]{section.7.2}{\376\377\000N\000o\000t\000a\000t\000i\000o\000n\000s\000\040\000f\000o\000r\000\040\000P\000o\000i\000n\000t\000\040\000G\000r\000o\000u\000p\000s}{chapter.7}% 87
\BOOKMARK [2][-]{subsection.7.2.1}{\376\377\000S\000c\000h\000o\000e\000n\000f\000l\000i\000e\000s\000'\000\040\000N\000o\000t\000a\000t\000i\000o\000n\000s\000\040\000f\000o\000r\000\040\000S\000y\000m\000m\000e\000t\000r\000y\000\040\000O\000p\000e\000r\000a\000t\000i\000o\000n\000s\000\040\000a\000n\000d\000\040\000E\000l\000e\000m\000e\000n\000t\000s}{section.7.2}% 88
\BOOKMARK [2][-]{subsection.7.2.2}{\376\377\000S\000c\000h\000o\000e\000n\000f\000l\000i\000e\000s\000'\000\040\000N\000o\000t\000a\000t\000i\000o\000n\000s\000\040\000f\000o\000r\000\040\000P\000o\000i\000n\000t\000\040\000G\000r\000o\000u\000p\000s}{section.7.2}% 89
\BOOKMARK [2][-]{subsection.7.2.3}{\376\377\000M\000u\000l\000l\000i\000k\000e\000n\000'\000s\000\040\000N\000o\000t\000a\000t\000i\000o\000n\000\040\000f\000o\000r\000\040\000I\000r\000r\000e\000p\000s}{section.7.2}% 90
\BOOKMARK [1][-]{section.7.3}{\376\377\000G\000r\000o\000u\000p\000\040\000T\000h\000e\000o\000r\000y\000\040\000i\000n\000\040\000S\000p\000e\000c\000t\000r\000o\000s\000c\000o\000p\000y}{chapter.7}% 91
\BOOKMARK [2][-]{subsection.7.3.1}{\376\377\000D\000e\000t\000e\000r\000m\000i\000n\000i\000n\000g\000\040\000N\000o\000n\000-\000z\000e\000r\000o\000\040\000I\000n\000t\000e\000g\000r\000a\000l\000s}{section.7.3}% 92
\BOOKMARK [2][-]{subsection.7.3.2}{\376\377\000N\000o\000r\000m\000a\000l\000\040\000V\000i\000b\000r\000a\000t\000i\000o\000n\000\040\000M\000o\000d\000e\000s}{section.7.3}% 93
\BOOKMARK [2][-]{subsection.7.3.3}{\376\377\000S\000e\000l\000e\000c\000t\000i\000o\000n\000\040\000R\000u\000l\000e\000s}{section.7.3}% 94
\BOOKMARK [1][-]{section.7.4}{\376\377\000S\000y\000m\000m\000e\000t\000r\000y\000\040\000A\000d\000a\000p\000t\000e\000d\000\040\000L\000i\000n\000e\000a\000r\000\040\000C\000o\000m\000b\000i\000n\000a\000t\000i\000o\000n}{chapter.7}% 95
\BOOKMARK [2][-]{subsection.7.4.1}{\376\377\000s\000p\000\040\000m\000i\000x\000i\000n\000g}{section.7.4}% 96
\BOOKMARK [2][-]{subsection.7.4.2}{\376\377\000G\000r\000o\000u\000p\000\040\000O\000r\000b\000i\000t\000a\000l\000s}{section.7.4}% 97
\BOOKMARK [2][-]{subsection.7.4.3}{\376\377\000H\000y\000b\000r\000i\000d\000i\000z\000a\000t\000i\000o\000n\000\040\000E\000x\000a\000m\000p\000l\000e}{section.7.4}% 98
\BOOKMARK [1][-]{section.7.5}{\376\377\000M\000o\000l\000e\000c\000u\000l\000a\000r\000\040\000T\000e\000r\000m\000\040\000S\000y\000m\000b\000o\000l\000s}{chapter.7}% 99
\BOOKMARK [2][-]{subsection.7.5.1}{\376\377\000W\000h\000e\000n\000\040\000E\000l\000e\000c\000t\000r\000o\000n\000i\000c\000\040\000C\000o\000n\000f\000i\000g\000u\000r\000a\000t\000i\000o\000n\000\040\000D\000o\000m\000i\000n\000a\000t\000e\000s}{section.7.5}% 100
\BOOKMARK [2][-]{subsection.7.5.2}{\376\377\000W\000h\000e\000n\000\040\000A\000n\000g\000u\000l\000a\000r\000\040\000M\000o\000m\000e\000n\000t\000u\000m\000\040\000D\000o\000m\000i\000n\000a\000t\000e\000s}{section.7.5}% 101
\BOOKMARK [2][-]{subsection.7.5.3}{\376\377\000W\000h\000e\000n\000\040\000S\000p\000i\000n\000-\000O\000r\000b\000i\000t\000\040\000C\000o\000u\000p\000l\000i\000n\000g\000\040\000D\000o\000m\000i\000n\000a\000t\000e\000s}{section.7.5}% 102
\BOOKMARK [0][-]{chapter.8}{\376\377\000I\000n\000t\000e\000r\000m\000o\000l\000e\000c\000u\000l\000a\000r\000\040\000F\000o\000r\000c\000e\000s}{}% 103
\BOOKMARK [1][-]{section.8.1}{\376\377\000D\000i\000p\000o\000l\000e\000\040\000M\000o\000m\000e\000n\000t\000\040\000a\000n\000d\000\040\000P\000o\000l\000a\000r\000i\000z\000a\000t\000i\000o\000n}{chapter.8}% 104
\BOOKMARK [2][-]{subsection.8.1.1}{\376\377\000O\000r\000i\000e\000n\000t\000a\000t\000i\000o\000n\000\040\000P\000o\000l\000a\000r\000i\000z\000a\000t\000i\000o\000n}{section.8.1}% 105
\BOOKMARK [2][-]{subsection.8.1.2}{\376\377\000D\000i\000s\000t\000o\000r\000t\000i\000o\000n\000\040\000a\000n\000d\000\040\000E\000l\000e\000c\000t\000r\000o\000n\000i\000c\000\040\000P\000o\000l\000a\000r\000i\000z\000a\000t\000i\000o\000n}{section.8.1}% 106
\BOOKMARK [2][-]{subsection.8.1.3}{\376\377\000T\000h\000e\000\040\000V\000a\000n\000i\000s\000h\000i\000n\000g\000\040\000o\000f\000\040\000P\000o\000l\000a\000r\000i\000z\000a\000t\000i\000o\000n\000\040\000a\000t\000\040\000H\000i\000g\000h\000\040\000F\000r\000e\000q\000u\000e\000n\000c\000i\000e\000s}{section.8.1}% 107
\BOOKMARK [1][-]{section.8.2}{\376\377\000V\000a\000n\000\040\000d\000e\000r\000\040\000W\000a\000a\000l\000s\000\040\000I\000n\000t\000e\000r\000a\000c\000t\000i\000o\000n}{chapter.8}% 108
\BOOKMARK [2][-]{subsection.8.2.1}{\376\377\000D\000i\000p\000o\000l\000e\040\023\000C\000h\000a\000r\000g\000e\000\040\000I\000n\000t\000e\000r\000a\000c\000t\000i\000o\000n}{section.8.2}% 109
\BOOKMARK [2][-]{subsection.8.2.2}{\376\377\000D\000i\000p\000o\000l\000e\040\023\000D\000i\000p\000o\000l\000e\000\040\000I\000n\000t\000e\000r\000a\000c\000t\000i\000o\000n}{section.8.2}% 110
\BOOKMARK [2][-]{subsection.8.2.3}{\376\377\000D\000i\000p\000o\000l\000e\040\023\000I\000n\000d\000u\000c\000e\000d\000\040\000D\000i\000p\000o\000l\000e\000\040\000I\000n\000t\000e\000r\000a\000c\000t\000i\000o\000n}{section.8.2}% 111
\BOOKMARK [2][-]{subsection.8.2.4}{\376\377\000T\000r\000a\000n\000s\000i\000e\000n\000t\000\040\000D\000i\000p\000o\000l\000e\040\023\000I\000n\000d\000u\000c\000e\000d\000\040\000D\000i\000p\000o\000l\000e\000\040\000I\000n\000t\000e\000r\000a\000c\000t\000i\000o\000n}{section.8.2}% 112
\BOOKMARK [1][-]{section.8.3}{\376\377\000E\000x\000c\000h\000a\000n\000g\000e\000\040\000R\000e\000p\000u\000l\000s\000i\000o\000n}{chapter.8}% 113
\BOOKMARK [1][-]{section.8.4}{\376\377\000H\000y\000d\000r\000o\000g\000e\000n\000\040\000B\000o\000n\000d\000\040\000a\000n\000d\000\040\000H\000a\000l\000o\000g\000e\000n\000\040\000B\000o\000n\000d}{chapter.8}% 114
\BOOKMARK [2][-]{subsection.8.4.1}{\376\377\000H\000y\000d\000r\000o\000g\000e\000n\000\040\000B\000o\000n\000d}{section.8.4}% 115
\BOOKMARK [2][-]{subsection.8.4.2}{\376\377\000H\000a\000l\000o\000g\000e\000n\000\040\000B\000o\000n\000d}{section.8.4}% 116
\BOOKMARK [2][-]{subsection.8.4.3}{\376\377\000H\000y\000d\000r\000o\000g\000e\000n\000\040\000B\000o\000n\000d\000\040\000E\000n\000h\000a\000n\000c\000e\000d\000\040\000H\000a\000l\000o\000g\000e\000n\000\040\000B\000o\000n\000d}{section.8.4}% 117
\BOOKMARK [1][-]{section.8.5}{\376\377\040\023\000\040\000S\000t\000a\000c\000k\000i\000n\000g}{chapter.8}% 118
\BOOKMARK [1][-]{section.8.6}{\376\377\000H\000y\000d\000r\000o\000p\000h\000o\000b\000i\000c\000\040\000I\000n\000t\000e\000r\000a\000c\000t\000i\000o\000n}{chapter.8}% 119
\BOOKMARK [0][-]{chapter.9}{\376\377\000S\000t\000r\000u\000c\000t\000u\000r\000a\000l\000\040\000T\000h\000e\000o\000r\000y\000\040\000o\000f\000\040\000C\000o\000o\000r\000d\000i\000n\000a\000t\000i\000o\000n\000\040\000C\000h\000e\000m\000i\000s\000t\000r\000y}{}% 120
\BOOKMARK [1][-]{section.9.1}{\376\377\000L\000i\000g\000a\000n\000d\000\040\000F\000i\000e\000l\000d\000\040\000T\000h\000e\000o\000r\000y}{chapter.9}% 121
\BOOKMARK [2][-]{subsection.9.1.1}{\376\377\000S\000i\000g\000m\000a\000\040\000B\000o\000n\000d\000i\000n\000g\000\040\000i\000n\000\040\000O\000c\000t\000a\000h\000e\000d\000r\000a\000l\000\040\000F\000i\000e\000l\000d}{section.9.1}% 122
\BOOKMARK [2][-]{subsection.9.1.2}{\376\377\000L\000i\000g\000a\000n\000d\000\040\000F\000i\000e\000l\000d\000\040\000S\000t\000a\000b\000i\000l\000i\000z\000i\000n\000g\000\040\000E\000n\000e\000r\000g\000y}{section.9.1}% 123
\BOOKMARK [2][-]{subsection.9.1.3}{\376\377\000L\000i\000g\000a\000n\000d\000\040\000F\000i\000e\000l\000d\000\040\000o\000f\000\040\000O\000t\000h\000e\000r\000\040\000S\000y\000m\000m\000e\000t\000r\000i\000e\000s}{section.9.1}% 124
\BOOKMARK [2][-]{subsection.9.1.4}{\376\377\000J\000a\000h\000n\000-\000T\000e\000l\000l\000e\000r\000\040\000D\000i\000s\000t\000o\000r\000t\000i\000o\000n}{section.9.1}% 125
\BOOKMARK [2][-]{subsection.9.1.5}{\376\377\000P\000i\000\040\000B\000o\000n\000d\000i\000n\000g\000\040\000i\000n\000\040\000O\000c\000t\000a\000h\000e\000d\000r\000a\000l\000\040\000F\000i\000e\000l\000d}{section.9.1}% 126
\BOOKMARK [1][-]{section.9.2}{\376\377\000S\000p\000e\000c\000t\000r\000a\000l\000\040\000P\000r\000o\000p\000e\000r\000t\000i\000e\000s\000\040\000o\000f\000\040\000C\000o\000o\000r\000d\000i\000n\000a\000t\000i\000o\000n\000\040\000C\000o\000m\000p\000o\000u\000n\000d\000s}{chapter.9}% 127
\BOOKMARK [2][-]{subsection.9.2.1}{\376\377\000d\000-\000d\000\040\000T\000r\000a\000n\000s\000i\000t\000i\000o\000n\000s}{section.9.2}% 128
\BOOKMARK [2][-]{subsection.9.2.2}{\376\377\000C\000h\000a\000r\000g\000e\000\040\000T\000r\000a\000n\000s\000f\000e\000r\000\040\000T\000r\000a\000n\000s\000i\000t\000i\000o\000n\000s}{section.9.2}% 129
\BOOKMARK [1][-]{section.9.3}{\376\377\000S\000p\000e\000c\000t\000r\000a\000l\000\040\000T\000e\000r\000m\000s\000\040\000o\000f\000\040\000C\000o\000o\000r\000d\000i\000n\000a\000t\000i\000o\000n\000\040\000C\000o\000m\000p\000o\000u\000n\000d\000s}{chapter.9}% 130
\BOOKMARK [2][-]{subsection.9.3.1}{\376\377\000W\000e\000a\000k\000\040\000F\000i\000e\000l\000d\000\040\000a\000n\000d\000\040\000S\000t\000r\000o\000n\000g\000\040\000F\000i\000e\000l\000d\000\040\000L\000i\000m\000i\000t}{section.9.3}% 131
\BOOKMARK [2][-]{subsection.9.3.2}{\376\377\000O\000r\000g\000e\000l\000\040\000D\000i\000a\000g\000r\000a\000m\000\040\000a\000n\000d\000\040\000T\000a\000n\000a\000b\000e\000-\000S\000u\000g\000a\000n\000o\000\040\000D\000i\000a\000g\000r\000a\000m}{section.9.3}% 132
\BOOKMARK [2][-]{subsection.9.3.3}{\376\377\000M\000o\000r\000e\000\040\000D\000e\000t\000a\000i\000l\000e\000d\000\040\000D\000i\000s\000c\000u\000s\000s\000i\000o\000n\000\040\000o\000n\000\040\000d\000-\000d\000\040\000T\000r\000a\000n\000s\000i\000t\000i\000o\000n}{section.9.3}% 133
\BOOKMARK [1][-]{section.9.4}{\376\377\000O\000r\000g\000a\000n\000o\000m\000e\000t\000a\000l\000l\000i\000c\000s}{chapter.9}% 134
\BOOKMARK [2][-]{subsection.9.4.1}{\376\377\000N\000e\000u\000t\000r\000a\000l\000\040\000L\000i\000g\000a\000n\000d\000\040\000T\000h\000e\000o\000r\000y\000\040\000o\000f\000\040\000C\000o\000v\000a\000l\000e\000n\000t\000\040\000B\000o\000n\000d\000\040\000C\000l\000a\000s\000s\000i\000f\000i\000c\000a\000t\000i\000o\000n}{section.9.4}% 135
\BOOKMARK [2][-]{subsection.9.4.2}{\376\377\000S\000i\000g\000m\000a\000\040\000C\000o\000m\000p\000l\000e\000x\000e\000s}{section.9.4}% 136
\BOOKMARK [2][-]{subsection.9.4.3}{\376\377\000P\000i\000\040\000C\000o\000m\000p\000l\000e\000x\000e\000s\000\040\000w\000i\000t\000h\000\040\000C\000a\000r\000b\000o\000n\000y\000l\000\040\000a\000n\000d\000\040\000A\000n\000a\000l\000o\000g\000u\000e\000s}{section.9.4}% 137
\BOOKMARK [2][-]{subsection.9.4.4}{\376\377\000P\000i\000\040\000C\000o\000m\000p\000l\000e\000x\000e\000s\000\040\000w\000i\000t\000h\000\040\000S\000i\000m\000p\000l\000e\000\040\000A\000l\000k\000e\000n\000e\000s}{section.9.4}% 138
\BOOKMARK [2][-]{subsection.9.4.5}{\376\377\000P\000i\000\040\000C\000o\000m\000p\000l\000e\000x\000e\000s\000\040\000w\000i\000t\000h\000\040\000L\000a\000r\000g\000e\000r\000\040\000C\000o\000n\000j\000u\000g\000a\000t\000e\000d\000\040\000S\000y\000s\000t\000e\000m\000s}{section.9.4}% 139
\BOOKMARK [2][-]{subsection.9.4.6}{\376\377\000M\000u\000l\000t\000i\000p\000l\000e\000\040\000B\000o\000n\000d\000s}{section.9.4}% 140
\BOOKMARK [2][-]{subsection.9.4.7}{\376\377\000I\000n\000v\000e\000r\000s\000e\000\040\000C\000o\000o\000r\000d\000i\000n\000a\000t\000i\000o\000n}{section.9.4}% 141
\BOOKMARK [2][-]{subsection.9.4.8}{\376\377\000T\000r\000a\000n\000s\000\040\000E\000f\000f\000e\000c\000t}{section.9.4}% 142
\BOOKMARK [0][-]{chapter.10}{\376\377\000C\000r\000y\000s\000t\000a\000l\000l\000o\000g\000r\000a\000p\000h\000y}{}% 143
\BOOKMARK [1][-]{section.10.1}{\376\377\000L\000a\000t\000t\000i\000c\000e\000s\000\040\000a\000n\000d\000\040\000C\000e\000l\000l\000s}{chapter.10}% 144
\BOOKMARK [2][-]{subsection.10.1.1}{\376\377\000C\000r\000y\000s\000t\000a\000l\000\040\000L\000a\000t\000t\000i\000c\000e\000s}{section.10.1}% 145
\BOOKMARK [2][-]{subsection.10.1.2}{\376\377\000C\000r\000y\000s\000t\000a\000l\000l\000o\000g\000r\000a\000p\000h\000i\000c\000\040\000P\000o\000i\000n\000t\000\040\000G\000r\000o\000u\000p\000s}{section.10.1}% 146
\BOOKMARK [2][-]{subsection.10.1.3}{\376\377\000C\000r\000y\000s\000t\000a\000l\000\040\000C\000e\000l\000l\000s}{section.10.1}% 147
\BOOKMARK [2][-]{subsection.10.1.4}{\376\377\000C\000r\000y\000s\000t\000a\000l\000\040\000S\000y\000s\000t\000e\000m\000s\000\040\000a\000n\000d\000\040\000B\000r\000a\000v\000i\000s\000\040\000L\000a\000t\000t\000i\000c\000e\000s}{section.10.1}% 148
\BOOKMARK [2][-]{subsection.10.1.5}{\376\377\000T\000r\000a\000n\000s\000l\000a\000t\000i\000o\000n\000a\000l\000\040\000S\000y\000m\000m\000e\000t\000r\000y\000\040\000a\000n\000d\000\040\000S\000p\000a\000c\000e\000\040\000G\000r\000o\000u\000p\000s}{section.10.1}% 149
\BOOKMARK [2][-]{subsection.10.1.6}{\376\377\000D\000e\000t\000e\000r\000m\000i\000n\000a\000t\000i\000o\000n\000\040\000o\000f\000\040\000S\000p\000a\000c\000e\000\040\000G\000r\000o\000u\000p\000s\000\040\000v\000i\000a\000\040\000X\000-\000R\000a\000y\000\040\000D\000i\000f\000f\000r\000a\000c\000t\000i\000o\000n}{section.10.1}% 150
\BOOKMARK [1][-]{section.10.2}{\376\377\000C\000l\000o\000s\000e\000s\000t\000-\000P\000a\000c\000k\000i\000n\000g\000\040\000P\000a\000t\000t\000e\000r\000n\000s}{chapter.10}% 151
\BOOKMARK [2][-]{subsection.10.2.1}{\376\377\000T\000w\000o\000-\000L\000a\000y\000e\000r\000\040\000C\000l\000o\000s\000e\000s\000t\000\040\000P\000a\000c\000k\000i\000n\000g}{section.10.2}% 152
\BOOKMARK [2][-]{subsection.10.2.2}{\376\377\000H\000e\000x\000a\000g\000o\000n\000a\000l\000\040\000C\000l\000o\000s\000e\000s\000t\000-\000P\000a\000c\000k\000i\000n\000g}{section.10.2}% 153
\BOOKMARK [2][-]{subsection.10.2.3}{\376\377\000C\000u\000b\000i\000c\000\040\000C\000l\000o\000s\000e\000s\000t\000-\000P\000a\000c\000k\000i\000n\000g}{section.10.2}% 154
\BOOKMARK [2][-]{subsection.10.2.4}{\376\377\000O\000t\000h\000e\000r\000\040\000P\000a\000c\000k\000i\000n\000g\000s}{section.10.2}% 155
\BOOKMARK [1][-]{section.10.3}{\376\377\000S\000t\000r\000u\000c\000t\000u\000r\000e\000\040\000o\000f\000\040\000M\000e\000t\000a\000l\000l\000i\000c\000\040\000S\000o\000l\000i\000d\000s}{chapter.10}% 156
\BOOKMARK [2][-]{subsection.10.3.1}{\376\377\000P\000u\000r\000e\000\040\000M\000e\000t\000a\000l\000s}{section.10.3}% 157
\BOOKMARK [2][-]{subsection.10.3.2}{\376\377\000A\000l\000l\000o\000y\000s}{section.10.3}% 158
\BOOKMARK [1][-]{section.10.4}{\376\377\000S\000t\000r\000u\000c\000t\000u\000r\000e\000\040\000o\000f\000\040\000I\000o\000n\000i\000c\000\040\000S\000o\000l\000i\000d\000s}{chapter.10}% 159
\BOOKMARK [2][-]{subsection.10.4.1}{\376\377\000G\000e\000n\000e\000r\000a\000l\000\040\000D\000e\000s\000c\000r\000i\000p\000t\000i\000o\000n\000\040\000o\000f\000\040\000I\000o\000n\000i\000c\000\040\000S\000o\000l\000i\000d\000s}{section.10.4}% 160
\BOOKMARK [2][-]{subsection.10.4.2}{\376\377\000H\000a\000l\000i\000t\000e\000s\000\040\000a\000n\000d\000\040\000C\000u\000b\000i\000c\000\040\000P\000e\000r\000o\000v\000s\000k\000i\000t\000e\000s}{section.10.4}% 161
\BOOKMARK [2][-]{subsection.10.4.3}{\376\377\000S\000p\000i\000n\000e\000l\000s\000\040\000a\000n\000d\000\040\000I\000n\000v\000e\000r\000s\000e\000\040\000S\000p\000i\000n\000e\000l\000s}{section.10.4}% 162
\BOOKMARK [2][-]{subsection.10.4.4}{\376\377\000R\000u\000t\000i\000l\000e\000s}{section.10.4}% 163
\BOOKMARK [2][-]{subsection.10.4.5}{\376\377\000N\000i\000A\000s\000,\000\040\000C\000d\000I\0002\000\040\000a\000n\000d\000\040\000C\000o\000r\000u\000n\000d\000u\000m\000s}{section.10.4}% 164
\BOOKMARK [2][-]{subsection.10.4.6}{\376\377\000S\000p\000h\000a\000l\000e\000r\000i\000t\000e\000s\000,\000\040\000W\000u\000r\000t\000z\000i\000t\000e\000s\000\040\000a\000n\000d\000\040\000F\000l\000u\000o\000r\000i\000t\000e\000s}{section.10.4}% 165
\BOOKMARK [1][-]{section.10.5}{\376\377\000L\000a\000t\000t\000i\000c\000e\000\040\000E\000n\000e\000r\000g\000y}{chapter.10}% 166
\BOOKMARK [2][-]{subsection.10.5.1}{\376\377\000B\000o\000r\000n\000-\000M\000a\000y\000e\000r\000\040\000E\000q\000u\000a\000t\000i\000o\000n}{section.10.5}% 167
\BOOKMARK [2][-]{subsection.10.5.2}{\376\377\000B\000o\000r\000n\000-\000L\000a\000n\000d\000\351\000\040\000E\000q\000u\000a\000t\000i\000o\000n\000\040\000a\000n\000d\000\040\000K\000a\000p\000u\000s\000t\000i\000n\000s\000k\000i\000i\000\040\000E\000q\000u\000a\000t\000i\000o\000n}{section.10.5}% 168
\BOOKMARK [2][-]{subsection.10.5.3}{\376\377\000C\000o\000n\000s\000e\000q\000u\000e\000n\000c\000e\000s\000\040\000o\000f\000\040\000L\000a\000t\000t\000i\000c\000e\000\040\000E\000n\000t\000h\000a\000l\000p\000i\000e\000s}{section.10.5}% 169
\BOOKMARK [1][-]{section.10.6}{\376\377\000C\000r\000y\000s\000t\000a\000l\000\040\000D\000e\000f\000e\000c\000t\000s\000\040\000a\000n\000d\000\040\000N\000o\000n\000-\000S\000t\000o\000i\000c\000h\000i\000o\000m\000e\000t\000r\000y}{chapter.10}% 170
\BOOKMARK [2][-]{subsection.10.6.1}{\376\377\000I\000n\000t\000r\000i\000n\000s\000i\000c\000\040\000P\000o\000i\000n\000t\000\040\000D\000e\000f\000e\000c\000t\000s}{section.10.6}% 171
\BOOKMARK [2][-]{subsection.10.6.2}{\376\377\000E\000x\000t\000r\000i\000n\000s\000i\000c\000\040\000D\000e\000f\000e\000c\000t\000s\000\040\000a\000n\000d\000\040\000D\000o\000p\000i\000n\000g}{section.10.6}% 172
\BOOKMARK [2][-]{subsection.10.6.3}{\376\377\000N\000o\000n\000-\000S\000t\000o\000i\000c\000h\000i\000o\000m\000e\000t\000r\000i\000c\000\040\000C\000o\000m\000p\000o\000u\000n\000d\000s}{section.10.6}% 173
\BOOKMARK [1][-]{section.10.7}{\376\377\000E\000l\000e\000c\000t\000r\000i\000c\000\040\000P\000r\000o\000p\000e\000r\000t\000i\000e\000s\000\040\000o\000f\000\040\000S\000o\000l\000i\000d\000s}{chapter.10}% 174
\BOOKMARK [2][-]{subsection.10.7.1}{\376\377\000T\000i\000g\000h\000t\000-\000B\000i\000n\000d\000i\000n\000g\000\040\000T\000h\000e\000o\000r\000y\000\040\000a\000n\000d\000\040\000E\000n\000e\000r\000g\000y\000\040\000B\000a\000n\000d\000s}{section.10.7}% 175
\BOOKMARK [2][-]{subsection.10.7.2}{\376\377\000C\000l\000a\000s\000s\000i\000f\000i\000c\000a\000t\000i\000o\000n\000\040\000b\000y\000\040\000B\000a\000n\000d\000\040\000S\000t\000r\000u\000c\000t\000u\000r\000e}{section.10.7}% 176
\BOOKMARK [2][-]{subsection.10.7.3}{\376\377\000E\000x\000t\000r\000i\000n\000s\000i\000c\000\040\000a\000n\000d\000\040\000I\000n\000t\000r\000i\000n\000s\000i\000c\000\040\000S\000e\000m\000i\000c\000o\000n\000d\000u\000c\000t\000o\000r\000s}{section.10.7}% 177
\BOOKMARK [2][-]{subsection.10.7.4}{\376\377\000N\000o\000n\000-\000S\000t\000o\000i\000c\000h\000i\000o\000m\000e\000t\000r\000i\000c\000\040\000S\000e\000m\000i\000c\000o\000n\000d\000u\000c\000t\000o\000r\000s\000\040\000i\000n\000\040\000M\000e\000t\000a\000l\000\040\000O\000x\000i\000d\000e\000s}{section.10.7}% 178
