This is pdfTeX, Version 3.141592653-2.6-1.40.26 (TeX Live 2024) (preloaded format=pdflatex 2024.7.2)  8 OCT 2026 09:44
entering extended mode
 restricted \write18 enabled.
 %&-line parsing enabled.
**"Part II Structure.tex"
(./Part II Structure.tex
LaTeX2e <2024-06-01> patch level 2
L3 programming layer <2024-05-27>
(c:/texlive/2024/texmf-dist/tex/latex/base/report.cls
Document Class: report 2024/02/08 v1.4n Standard LaTeX document class
(c:/texlive/2024/texmf-dist/tex/latex/base/size10.clo
File: size10.clo 2024/02/08 v1.4n Standard LaTeX file (size option)
)
\c@part=\count194
\c@chapter=\count195
\c@section=\count196
\c@subsection=\count197
\c@subsubsection=\count198
\c@paragraph=\count199
\c@subparagraph=\count266
\c@figure=\count267
\c@table=\count268
\abovecaptionskip=\skip49
\belowcaptionskip=\skip50
\bibindent=\dimen141
)
(c:/texlive/2024/texmf-dist/tex/latex/amsmath/amsmath.sty
Package: amsmath 2024/05/23 v2.17q AMS math features
\@mathmargin=\skip51

For additional information on amsmath, use the `?' option.
(c:/texlive/2024/texmf-dist/tex/latex/amsmath/amstext.sty
Package: amstext 2021/08/26 v2.01 AMS text

(c:/texlive/2024/texmf-dist/tex/latex/amsmath/amsgen.sty
File: amsgen.sty 1999/11/30 v2.0 generic functions
\@emptytoks=\toks17
\ex@=\dimen142
))
(c:/texlive/2024/texmf-dist/tex/latex/amsmath/amsbsy.sty
Package: amsbsy 1999/11/29 v1.2d Bold Symbols
\pmbraise@=\dimen143
)
(c:/texlive/2024/texmf-dist/tex/latex/amsmath/amsopn.sty
Package: amsopn 2022/04/08 v2.04 operator names
)
\inf@bad=\count269
LaTeX Info: Redefining \frac on input line 233.
\uproot@=\count270
\leftroot@=\count271
LaTeX Info: Redefining \overline on input line 398.
LaTeX Info: Redefining \colon on input line 409.
\classnum@=\count272
\DOTSCASE@=\count273
LaTeX Info: Redefining \ldots on input line 495.
LaTeX Info: Redefining \dots on input line 498.
LaTeX Info: Redefining \cdots on input line 619.
\Mathstrutbox@=\box52
\strutbox@=\box53
LaTeX Info: Redefining \big on input line 721.
LaTeX Info: Redefining \Big on input line 722.
LaTeX Info: Redefining \bigg on input line 723.
LaTeX Info: Redefining \Bigg on input line 724.
\big@size=\dimen144
LaTeX Font Info:    Redeclaring font encoding OML on input line 742.
LaTeX Font Info:    Redeclaring font encoding OMS on input line 743.
\macc@depth=\count274
LaTeX Info: Redefining \bmod on input line 904.
LaTeX Info: Redefining \pmod on input line 909.
LaTeX Info: Redefining \smash on input line 939.
LaTeX Info: Redefining \relbar on input line 969.
LaTeX Info: Redefining \Relbar on input line 970.
\c@MaxMatrixCols=\count275
\dotsspace@=\muskip17
\c@parentequation=\count276
\dspbrk@lvl=\count277
\tag@help=\toks18
\row@=\count278
\column@=\count279
\maxfields@=\count280
\andhelp@=\toks19
\eqnshift@=\dimen145
\alignsep@=\dimen146
\tagshift@=\dimen147
\tagwidth@=\dimen148
\totwidth@=\dimen149
\lineht@=\dimen150
\@envbody=\toks20
\multlinegap=\skip52
\multlinetaggap=\skip53
\mathdisplay@stack=\toks21
LaTeX Info: Redefining \[ on input line 2953.
LaTeX Info: Redefining \] on input line 2954.
)
(c:/texlive/2024/texmf-dist/tex/latex/amsfonts/amssymb.sty
Package: amssymb 2013/01/14 v3.01 AMS font symbols

(c:/texlive/2024/texmf-dist/tex/latex/amsfonts/amsfonts.sty
Package: amsfonts 2013/01/14 v3.01 Basic AMSFonts support
\symAMSa=\mathgroup4
\symAMSb=\mathgroup5
LaTeX Font Info:    Redeclaring math symbol \hbar on input line 98.
LaTeX Font Info:    Overwriting math alphabet `\mathfrak' in version `bold'
(Font)                  U/euf/m/n --> U/euf/b/n on input line 106.
))
(c:/texlive/2024/texmf-dist/tex/latex/amscls/amsthm.sty
Package: amsthm 2020/05/29 v2.20.6
\thm@style=\toks22
\thm@bodyfont=\toks23
\thm@headfont=\toks24
\thm@notefont=\toks25
\thm@headpunct=\toks26
\thm@preskip=\skip54
\thm@postskip=\skip55
\thm@headsep=\skip56
\dth@everypar=\toks27
)
(c:/texlive/2024/texmf-dist/tex/latex/physics/physics.sty
Package: physics 

(c:/texlive/2024/texmf-dist/tex/latex/l3packages/xparse/xparse.sty
(c:/texlive/2024/texmf-dist/tex/latex/l3kernel/expl3.sty
Package: expl3 2024-05-27 L3 programming layer (loader) 

(c:/texlive/2024/texmf-dist/tex/latex/l3backend/l3backend-pdftex.def
File: l3backend-pdftex.def 2024-05-08 L3 backend support: PDF output (pdfTeX)
\l__color_backend_stack_int=\count281
\l__pdf_internal_box=\box54
))
Package: xparse 2024-05-08 L3 Experimental document command parser
))
(c:/texlive/2024/texmf-dist/tex/latex/braket/braket.sty)
(c:/texlive/2024/texmf-dist/tex/latex/mathtools/mathtools.sty
Package: mathtools 2024/03/11 v1.30 mathematical typesetting tools

(c:/texlive/2024/texmf-dist/tex/latex/graphics/keyval.sty
Package: keyval 2022/05/29 v1.15 key=value parser (DPC)
\KV@toks@=\toks28
)
(c:/texlive/2024/texmf-dist/tex/latex/tools/calc.sty
Package: calc 2023/07/08 v4.3 Infix arithmetic (KKT,FJ)
\calc@Acount=\count282
\calc@Bcount=\count283
\calc@Adimen=\dimen151
\calc@Bdimen=\dimen152
\calc@Askip=\skip57
\calc@Bskip=\skip58
LaTeX Info: Redefining \setlength on input line 80.
LaTeX Info: Redefining \addtolength on input line 81.
\calc@Ccount=\count284
\calc@Cskip=\skip59
)
(c:/texlive/2024/texmf-dist/tex/latex/mathtools/mhsetup.sty
Package: mhsetup 2021/03/18 v1.4 programming setup (MH)
)
\g_MT_multlinerow_int=\count285
\l_MT_multwidth_dim=\dimen153
\origjot=\skip60
\l_MT_shortvdotswithinadjustabove_dim=\dimen154
\l_MT_shortvdotswithinadjustbelow_dim=\dimen155
\l_MT_above_intertext_sep=\dimen156
\l_MT_below_intertext_sep=\dimen157
\l_MT_above_shortintertext_sep=\dimen158
\l_MT_below_shortintertext_sep=\dimen159
\xmathstrut@box=\box55
\xmathstrut@dim=\dimen160
)
(c:/texlive/2024/texmf-dist/tex/latex/graphics/color.sty
Package: color 2024/01/14 v1.3d Standard LaTeX Color (DPC)

(c:/texlive/2024/texmf-dist/tex/latex/graphics-cfg/color.cfg
File: color.cfg 2016/01/02 v1.6 sample color configuration
)
Package color Info: Driver file: pdftex.def on input line 149.

(c:/texlive/2024/texmf-dist/tex/latex/graphics-def/pdftex.def
File: pdftex.def 2024/04/13 v1.2c Graphics/color driver for pdftex
)
(c:/texlive/2024/texmf-dist/tex/latex/graphics/mathcolor.ltx))
(c:/texlive/2024/texmf-dist/tex/latex/tools/array.sty
Package: array 2024/06/14 v2.6d Tabular extension package (FMi)
\col@sep=\dimen161
\ar@mcellbox=\box56
\extrarowheight=\dimen162
\NC@list=\toks29
\extratabsurround=\skip61
\backup@length=\skip62
\ar@cellbox=\box57
)
(c:/texlive/2024/texmf-dist/tex/latex/graphics/graphicx.sty
Package: graphicx 2021/09/16 v1.2d Enhanced LaTeX Graphics (DPC,SPQR)

(c:/texlive/2024/texmf-dist/tex/latex/graphics/graphics.sty
Package: graphics 2024/05/23 v1.4g Standard LaTeX Graphics (DPC,SPQR)

(c:/texlive/2024/texmf-dist/tex/latex/graphics/trig.sty
Package: trig 2023/12/02 v1.11 sin cos tan (DPC)
)
(c:/texlive/2024/texmf-dist/tex/latex/graphics-cfg/graphics.cfg
File: graphics.cfg 2016/06/04 v1.11 sample graphics configuration
)
Package graphics Info: Driver file: pdftex.def on input line 106.
)
\Gin@req@height=\dimen163
\Gin@req@width=\dimen164
)
(c:/texlive/2024/texmf-dist/tex/latex/booktabs/booktabs.sty
Package: booktabs 2020/01/12 v1.61803398 Publication quality tables
\heavyrulewidth=\dimen165
\lightrulewidth=\dimen166
\cmidrulewidth=\dimen167
\belowrulesep=\dimen168
\belowbottomsep=\dimen169
\aboverulesep=\dimen170
\abovetopsep=\dimen171
\cmidrulesep=\dimen172
\cmidrulekern=\dimen173
\defaultaddspace=\dimen174
\@cmidla=\count286
\@cmidlb=\count287
\@aboverulesep=\dimen175
\@belowrulesep=\dimen176
\@thisruleclass=\count288
\@lastruleclass=\count289
\@thisrulewidth=\dimen177
)
(c:/texlive/2024/texmf-dist/tex/latex/caption/subcaption.sty
Package: subcaption 2023/07/28 v1.6b Sub-captions (AR)

(c:/texlive/2024/texmf-dist/tex/latex/caption/caption.sty
Package: caption 2023/08/05 v3.6o Customizing captions (AR)

(c:/texlive/2024/texmf-dist/tex/latex/caption/caption3.sty
Package: caption3 2023/07/31 v2.4d caption3 kernel (AR)
\caption@tempdima=\dimen178
\captionmargin=\dimen179
\caption@leftmargin=\dimen180
\caption@rightmargin=\dimen181
\caption@width=\dimen182
\caption@indent=\dimen183
\caption@parindent=\dimen184
\caption@hangindent=\dimen185
Package caption Info: Standard document class detected.
)
\c@caption@flags=\count290
\c@continuedfloat=\count291
)
Package caption Info: New subtype `subfigure' on input line 238.
\c@subfigure=\count292
Package caption Info: New subtype `subtable' on input line 238.
\c@subtable=\count293
)
(c:/texlive/2024/texmf-dist/tex/latex/fancyhdr/fancyhdr.sty
Package: fancyhdr 2024/04/23 v4.2 Extensive control of page headers and footers

\f@nch@headwidth=\skip63
\f@nch@O@elh=\skip64
\f@nch@O@erh=\skip65
\f@nch@O@olh=\skip66
\f@nch@O@orh=\skip67
\f@nch@O@elf=\skip68
\f@nch@O@erf=\skip69
\f@nch@O@olf=\skip70
\f@nch@O@orf=\skip71
)
(c:/texlive/2024/texmf-dist/tex/latex/base/inputenc.sty
Package: inputenc 2024/02/08 v1.3d Input encoding file
\inpenc@prehook=\toks30
\inpenc@posthook=\toks31
)
(c:/texlive/2024/texmf-dist/tex/latex/base/fontenc.sty
Package: fontenc 2021/04/29 v2.0v Standard LaTeX package
)
(c:/texlive/2024/texmf-dist/tex/latex/hyperref/hyperref.sty
Package: hyperref 2024-05-23 v7.01i Hypertext links for LaTeX

(c:/texlive/2024/texmf-dist/tex/generic/iftex/iftex.sty
Package: iftex 2022/02/03 v1.0f TeX engine tests
)
(c:/texlive/2024/texmf-dist/tex/latex/kvsetkeys/kvsetkeys.sty
Package: kvsetkeys 2022-10-05 v1.19 Key value parser (HO)
)
(c:/texlive/2024/texmf-dist/tex/generic/kvdefinekeys/kvdefinekeys.sty
Package: kvdefinekeys 2019-12-19 v1.6 Define keys (HO)
)
(c:/texlive/2024/texmf-dist/tex/generic/pdfescape/pdfescape.sty
Package: pdfescape 2019/12/09 v1.15 Implements pdfTeX's escape features (HO)

(c:/texlive/2024/texmf-dist/tex/generic/ltxcmds/ltxcmds.sty
Package: ltxcmds 2023-12-04 v1.26 LaTeX kernel commands for general use (HO)
)
(c:/texlive/2024/texmf-dist/tex/generic/pdftexcmds/pdftexcmds.sty
Package: pdftexcmds 2020-06-27 v0.33 Utility functions of pdfTeX for LuaTeX (HO
)

(c:/texlive/2024/texmf-dist/tex/generic/infwarerr/infwarerr.sty
Package: infwarerr 2019/12/03 v1.5 Providing info/warning/error messages (HO)
)
Package pdftexcmds Info: \pdf@primitive is available.
Package pdftexcmds Info: \pdf@ifprimitive is available.
Package pdftexcmds Info: \pdfdraftmode found.
))
(c:/texlive/2024/texmf-dist/tex/latex/hycolor/hycolor.sty
Package: hycolor 2020-01-27 v1.10 Color options for hyperref/bookmark (HO)
)
(c:/texlive/2024/texmf-dist/tex/latex/hyperref/nameref.sty
Package: nameref 2023-11-26 v2.56 Cross-referencing by name of section

(c:/texlive/2024/texmf-dist/tex/latex/refcount/refcount.sty
Package: refcount 2019/12/15 v3.6 Data extraction from label references (HO)
)
(c:/texlive/2024/texmf-dist/tex/generic/gettitlestring/gettitlestring.sty
Package: gettitlestring 2019/12/15 v1.6 Cleanup title references (HO)

(c:/texlive/2024/texmf-dist/tex/latex/kvoptions/kvoptions.sty
Package: kvoptions 2022-06-15 v3.15 Key value format for package options (HO)
))
\c@section@level=\count294
)
(c:/texlive/2024/texmf-dist/tex/latex/etoolbox/etoolbox.sty
Package: etoolbox 2020/10/05 v2.5k e-TeX tools for LaTeX (JAW)
\etb@tempcnta=\count295
)
(c:/texlive/2024/texmf-dist/tex/generic/stringenc/stringenc.sty
Package: stringenc 2019/11/29 v1.12 Convert strings between diff. encodings (HO
)
)
\@linkdim=\dimen186
\Hy@linkcounter=\count296
\Hy@pagecounter=\count297

(c:/texlive/2024/texmf-dist/tex/latex/hyperref/pd1enc.def
File: pd1enc.def 2024-05-23 v7.01i Hyperref: PDFDocEncoding definition (HO)
Now handling font encoding PD1 ...
... no UTF-8 mapping file for font encoding PD1
)
(c:/texlive/2024/texmf-dist/tex/generic/intcalc/intcalc.sty
Package: intcalc 2019/12/15 v1.3 Expandable calculations with integers (HO)
)
\Hy@SavedSpaceFactor=\count298

(c:/texlive/2024/texmf-dist/tex/latex/hyperref/puenc.def
File: puenc.def 2024-05-23 v7.01i Hyperref: PDF Unicode definition (HO)
Now handling font encoding PU ...
... no UTF-8 mapping file for font encoding PU
)
Package hyperref Info: Hyper figures OFF on input line 4157.
Package hyperref Info: Link nesting OFF on input line 4162.
Package hyperref Info: Hyper index ON on input line 4165.
Package hyperref Info: Plain pages OFF on input line 4172.
Package hyperref Info: Backreferencing OFF on input line 4177.
Package hyperref Info: Implicit mode ON; LaTeX internals redefined.
Package hyperref Info: Bookmarks ON on input line 4424.
\c@Hy@tempcnt=\count299

(c:/texlive/2024/texmf-dist/tex/latex/url/url.sty
\Urlmuskip=\muskip18
Package: url 2013/09/16  ver 3.4  Verb mode for urls, etc.
)
LaTeX Info: Redefining \url on input line 4763.
\XeTeXLinkMargin=\dimen187

(c:/texlive/2024/texmf-dist/tex/generic/bitset/bitset.sty
Package: bitset 2019/12/09 v1.3 Handle bit-vector datatype (HO)

(c:/texlive/2024/texmf-dist/tex/generic/bigintcalc/bigintcalc.sty
Package: bigintcalc 2019/12/15 v1.5 Expandable calculations on big integers (HO
)
))
\Fld@menulength=\count300
\Field@Width=\dimen188
\Fld@charsize=\dimen189
Package hyperref Info: Hyper figures OFF on input line 6042.
Package hyperref Info: Link nesting OFF on input line 6047.
Package hyperref Info: Hyper index ON on input line 6050.
Package hyperref Info: backreferencing OFF on input line 6057.
Package hyperref Info: Link coloring OFF on input line 6062.
Package hyperref Info: Link coloring with OCG OFF on input line 6067.
Package hyperref Info: PDF/A mode OFF on input line 6072.

(c:/texlive/2024/texmf-dist/tex/latex/base/atbegshi-ltx.sty
Package: atbegshi-ltx 2021/01/10 v1.0c Emulation of the original atbegshi
package with kernel methods
)
\Hy@abspage=\count301
\c@Item=\count302
\c@Hfootnote=\count303
)
Package hyperref Info: Driver (autodetected): hpdftex.

(c:/texlive/2024/texmf-dist/tex/latex/hyperref/hpdftex.def
File: hpdftex.def 2024-05-23 v7.01i Hyperref driver for pdfTeX

(c:/texlive/2024/texmf-dist/tex/latex/base/atveryend-ltx.sty
Package: atveryend-ltx 2020/08/19 v1.0a Emulation of the original atveryend pac
kage
with kernel methods
)
\Fld@listcount=\count304
\c@bookmark@seq@number=\count305

(c:/texlive/2024/texmf-dist/tex/latex/rerunfilecheck/rerunfilecheck.sty
Package: rerunfilecheck 2022-07-10 v1.10 Rerun checks for auxiliary files (HO)

(c:/texlive/2024/texmf-dist/tex/generic/uniquecounter/uniquecounter.sty
Package: uniquecounter 2019/12/15 v1.4 Provide unlimited unique counter (HO)
)
Package uniquecounter Info: New unique counter `rerunfilecheck' on input line 2
85.
)
\Hy@SectionHShift=\skip72
)
(c:/texlive/2024/texmf-dist/tex/latex/geometry/geometry.sty
Package: geometry 2020/01/02 v5.9 Page Geometry

(c:/texlive/2024/texmf-dist/tex/generic/iftex/ifvtex.sty
Package: ifvtex 2019/10/25 v1.7 ifvtex legacy package. Use iftex instead.
)
\Gm@cnth=\count306
\Gm@cntv=\count307
\c@Gm@tempcnt=\count308
\Gm@bindingoffset=\dimen190
\Gm@wd@mp=\dimen191
\Gm@odd@mp=\dimen192
\Gm@even@mp=\dimen193
\Gm@layoutwidth=\dimen194
\Gm@layoutheight=\dimen195
\Gm@layouthoffset=\dimen196
\Gm@layoutvoffset=\dimen197
\Gm@dimlist=\toks32
)
(./Part II Structure.aux (./Ch1/Chapter1.aux) (./Ch2/Chapter2.aux)
(./Ch3/Chapter3.aux) (./Ch4/Chapter4.aux) (./Ch5/Chapter5.aux)
(./Ch6/Chapter6.aux) (./Ch7/Chapter7.aux) (./Ch8/Chapter8.aux)
(./Ch9/Chapter9.aux) (./Ch10/Chapter10.aux))
\openout1 = `"Part II Structure.aux"'.

LaTeX Font Info:    Checking defaults for OML/cmm/m/it on input line 24.
LaTeX Font Info:    ... okay on input line 24.
LaTeX Font Info:    Checking defaults for OMS/cmsy/m/n on input line 24.
LaTeX Font Info:    ... okay on input line 24.
LaTeX Font Info:    Checking defaults for OT1/cmr/m/n on input line 24.
LaTeX Font Info:    ... okay on input line 24.
LaTeX Font Info:    Checking defaults for T1/cmr/m/n on input line 24.
LaTeX Font Info:    ... okay on input line 24.
LaTeX Font Info:    Checking defaults for TS1/cmr/m/n on input line 24.
LaTeX Font Info:    ... okay on input line 24.
LaTeX Font Info:    Checking defaults for OMX/cmex/m/n on input line 24.
LaTeX Font Info:    ... okay on input line 24.
LaTeX Font Info:    Checking defaults for U/cmr/m/n on input line 24.
LaTeX Font Info:    ... okay on input line 24.
LaTeX Font Info:    Checking defaults for PD1/pdf/m/n on input line 24.
LaTeX Font Info:    ... okay on input line 24.
LaTeX Font Info:    Checking defaults for PU/pdf/m/n on input line 24.
LaTeX Font Info:    ... okay on input line 24.

(c:/texlive/2024/texmf-dist/tex/context/base/mkii/supp-pdf.mkii
[Loading MPS to PDF converter (version 2006.09.02).]
\scratchcounter=\count309
\scratchdimen=\dimen198
\scratchbox=\box58
\nofMPsegments=\count310
\nofMParguments=\count311
\everyMPshowfont=\toks33
\MPscratchCnt=\count312
\MPscratchDim=\dimen199
\MPnumerator=\count313
\makeMPintoPDFobject=\count314
\everyMPtoPDFconversion=\toks34
) (c:/texlive/2024/texmf-dist/tex/latex/epstopdf-pkg/epstopdf-base.sty
Package: epstopdf-base 2020-01-24 v2.11 Base part for package epstopdf
Package epstopdf-base Info: Redefining graphics rule for `.eps' on input line 4
85.

(c:/texlive/2024/texmf-dist/tex/latex/latexconfig/epstopdf-sys.cfg
File: epstopdf-sys.cfg 2010/07/13 v1.3 Configuration of (r)epstopdf for TeX Liv
e
))
Package caption Info: Begin \AtBeginDocument code.
Package caption Info: hyperref package is loaded.
Package caption Info: End \AtBeginDocument code.
Package hyperref Info: Link coloring OFF on input line 24.

(./Part II Structure.out) (./Part II Structure.out)
\@outlinefile=\write3
\openout3 = `"Part II Structure.out"'.


*geometry* driver: auto-detecting
*geometry* detected driver: pdftex
*geometry* verbose mode - [ preamble ] result:
* driver: pdftex
* paper: <default>
* layout: <same size as paper>
* layoutoffset:(h,v)=(0.0pt,0.0pt)
* modes: 
* h-part:(L,W,R)=(85.35826pt, 443.57848pt, 85.35826pt)
* v-part:(T,H,B)=(85.35826pt, 624.25346pt, 85.35826pt)
* \paperwidth=614.295pt
* \paperheight=794.96999pt
* \textwidth=443.57848pt
* \textheight=624.25346pt
* \oddsidemargin=13.08827pt
* \evensidemargin=13.08827pt
* \topmargin=-23.91173pt
* \headheight=12.0pt
* \headsep=25.0pt
* \topskip=10.0pt
* \footskip=30.0pt
* \marginparwidth=65.0pt
* \marginparsep=11.0pt
* \columnsep=10.0pt
* \skip\footins=9.0pt plus 4.0pt minus 2.0pt
* \hoffset=0.0pt
* \voffset=0.0pt
* \mag=1000
* \@twocolumnfalse
* \@twosidefalse
* \@mparswitchfalse
* \@reversemarginfalse
* (1in=72.27pt=25.4mm, 1cm=28.453pt)

LaTeX Font Info:    Trying to load font information for U+msa on input line 27.

(c:/texlive/2024/texmf-dist/tex/latex/amsfonts/umsa.fd
File: umsa.fd 2013/01/14 v3.01 AMS symbols A
)
LaTeX Font Info:    Trying to load font information for U+msb on input line 27.


(c:/texlive/2024/texmf-dist/tex/latex/amsfonts/umsb.fd
File: umsb.fd 2013/01/14 v3.01 AMS symbols B
)

[1

{c:/texlive/2024/texmf-var/fonts/map/pdftex/updmap/pdftex.map}{c:/texlive/2024/
texmf-dist/fonts/enc/dvips/cm-super/cm-super-t1.enc}]
(./Part II Structure.toc


pdfTeX warning (ext4): destination with the same identifier (name{page.1}) has 
been already used, duplicate ignored
<to be read again> 
                   \relax 
l.41 ... of Relative Motion}{19}{subsection.4.1.1}
                                                  % [1

]

[2{c:/texlive/2024/texmf-dist/fonts/enc/dvips/cm-super/cm-super-ts1.enc}]

[3]

[4])
\tf@toc=\write4
\openout4 = `"Part II Structure.toc"'.



[5]
\openout2 = `Ch1/Chapter1.aux'.

 (./Ch1/Chapter1.tex
Chapter 1.

Underfull \hbox (badness 10000) in paragraph at lines 34--45

 []


Underfull \hbox (badness 10000) in paragraph at lines 34--45

 []


Underfull \hbox (badness 10000) in paragraph at lines 34--45

 []



[6


]
Underfull \hbox (badness 10000) in paragraph at lines 47--51

 []


Underfull \hbox (badness 10000) in paragraph at lines 54--56

 []



[7]
Underfull \hbox (badness 10000) in paragraph at lines 114--121

 []



[8]
Underfull \hbox (badness 10000) in paragraph at lines 125--128

 []


Underfull \hbox (badness 10000) in paragraph at lines 128--130

 []


Underfull \hbox (badness 10000) in paragraph at lines 131--137

 []



[9]

[10]

[11]
Underfull \hbox (badness 10000) in paragraph at lines 235--238

 []

)
Underfull \hbox (badness 10000) in paragraph at lines 246--32

 []



[12]
\openout2 = `Ch2/Chapter2.aux'.

 (./Ch2/Chapter2.tex
Chapter 2.


[13




]

[14]
Underfull \hbox (badness 10000) in paragraph at lines 151--153

 []


Underfull \hbox (badness 10000) in paragraph at lines 151--153

 []



[15]
Underfull \hbox (badness 10000) in paragraph at lines 189--192

 []



[16]
Underfull \hbox (badness 10000) in paragraph at lines 211--214

 []


Underfull \hbox (badness 10000) in paragraph at lines 220--223

 []

)

[17]
\openout2 = `Ch3/Chapter3.aux'.

 (./Ch3/Chapter3.tex
Chapter 3.

Underfull \hbox (badness 10000) in paragraph at lines 42--45

 []



[18




]
Underfull \hbox (badness 10000) in paragraph at lines 101--103

 []



[19]

[20]
Underfull \hbox (badness 10000) in paragraph at lines 178--181

 []

<Ch3/CG.jpg, id=1024, 3165.8275pt x 2053.6725pt>
File: Ch3/CG.jpg Graphic file (type jpg)
<use Ch3/CG.jpg>
Package pdftex.def Info: Ch3/CG.jpg  used on input line 199.
(pdftex.def)             Requested size: 474.85364pt x 308.03758pt.

Overfull \hbox (31.27516pt too wide) in paragraph at lines 199--200
 [][] 
 []



[21]
Underfull \hbox (badness 10000) in paragraph at lines 212--224

 []

)

[22 <./Ch3/CG.jpg>]
\openout2 = `Ch4/Chapter4.aux'.

 (./Ch4/Chapter4.tex
Chapter 4.


[23




]
Underfull \hbox (badness 10000) in paragraph at lines 83--89

 []


Underfull \hbox (badness 10000) in paragraph at lines 83--89

 []



[24]
Underfull \hbox (badness 10000) in paragraph at lines 107--110

 []



[25]
Underfull \hbox (badness 10000) in paragraph at lines 156--159

 []



[26]
Underfull \hbox (badness 10000) in paragraph at lines 206--209

 []

)

[27]
\openout2 = `Ch5/Chapter5.aux'.

 (./Ch5/Chapter5.tex
Chapter 5.


[28




]
Underfull \hbox (badness 10000) in paragraph at lines 39--43

 []



[29]

[30]
<Ch5/penetration.png, id=1083, 1062.79411pt x 592.68486pt>
File: Ch5/penetration.png Graphic file (type png)
<use Ch5/penetration.png>
Package pdftex.def Info: Ch5/penetration.png  used on input line 168.
(pdftex.def)             Requested size: 318.8407pt x 177.80682pt.


LaTeX Warning: `h' float specifier changed to `ht'.


Underfull \hbox (badness 10000) in paragraph at lines 180--187

 []



[31]
<Ch5/afbau.jpg, id=1089, 488.57532pt x 460.72125pt>
File: Ch5/afbau.jpg Graphic file (type jpg)
<use Ch5/afbau.jpg>
Package pdftex.def Info: Ch5/afbau.jpg  used on input line 190.
(pdftex.def)             Requested size: 171.00392pt x 161.25485pt.


[32 <./Ch5/penetration.png> <./Ch5/afbau.jpg>]
Underfull \hbox (badness 10000) in paragraph at lines 247--251

 []



[33])

[34]
\openout2 = `Ch6/Chapter6.aux'.

 (./Ch6/Chapter6.tex
Chapter 6.

Underfull \hbox (badness 10000) in paragraph at lines 7--16

 []


Underfull \hbox (badness 10000) in paragraph at lines 37--48

 []



[35




]
Underfull \hbox (badness 10000) in paragraph at lines 85--97

 []


Underfull \hbox (badness 10000) in paragraph at lines 139--151

 []



[36]
<Ch6/energy_profile.png, id=1123, 550.30594pt x 420.06938pt>
File: Ch6/energy_profile.png Graphic file (type png)
<use Ch6/energy_profile.png>
Package pdftex.def Info: Ch6/energy_profile.png  used on input line 163.
(pdftex.def)             Requested size: 110.05923pt x 84.01237pt.

Underfull \hbox (badness 10000) in paragraph at lines 192--199

 []



[37 <./Ch6/energy_profile.png>]
Underfull \hbox (badness 10000) in paragraph at lines 230--236

 []

<Ch6/conjugation.png, id=1131, 6462.89531pt x 4171.33406pt>
File: Ch6/conjugation.png Graphic file (type png)
<use Ch6/conjugation.png>
Package pdftex.def Info: Ch6/conjugation.png  used on input line 284.
(pdftex.def)             Requested size: 323.1637pt x 208.57892pt.

Underfull \hbox (badness 10000) in paragraph at lines 277--296

 []


Underfull \hbox (badness 10000) in paragraph at lines 277--296

 []


LaTeX Warning: `h' float specifier changed to `ht'.



[38]
Underfull \hbox (badness 10000) in paragraph at lines 312--324

 []


Underfull \hbox (badness 10000) in paragraph at lines 312--324

 []


Underfull \hbox (badness 10000) in paragraph at lines 312--324

 []



[39 <./Ch6/conjugation.png>]
<Ch6/VB.png, id=1145, 854.44218pt x 566.115pt>
File: Ch6/VB.png Graphic file (type png)
<use Ch6/VB.png>
Package pdftex.def Info: Ch6/VB.png  used on input line 349.
(pdftex.def)             Requested size: 256.33463pt x 169.8358pt.


[40 <./Ch6/VB.png>]
Underfull \hbox (badness 10000) in paragraph at lines 362--367

 []


Underfull \hbox (badness 10000) in paragraph at lines 375--380

 []


Underfull \hbox (badness 10000) in paragraph at lines 398--410

 []


Underfull \hbox (badness 10000) in paragraph at lines 398--410

 []


Underfull \hbox (badness 10000) in paragraph at lines 413--424

 []



[41]

Package hyperref Warning: Token not allowed in a PDF string (Unicode):
(hyperref)                removing `math shift' on input line 425.


Package hyperref Warning: Token not allowed in a PDF string (Unicode):
(hyperref)                removing `superscript' on input line 425.


Package hyperref Warning: Token not allowed in a PDF string (Unicode):
(hyperref)                removing `math shift' on input line 425.


Underfull \hbox (badness 10000) in paragraph at lines 433--444

 []


Underfull \hbox (badness 10000) in paragraph at lines 433--444

 []


Underfull \hbox (badness 10000) in paragraph at lines 447--455

 []



[42]
Underfull \hbox (badness 10000) in paragraph at lines 493--495

 []

<Ch6/wadesrule.jpg, id=1180, 216.81pt x 367.4359pt>
File: Ch6/wadesrule.jpg Graphic file (type jpg)
<use Ch6/wadesrule.jpg>
Package pdftex.def Info: Ch6/wadesrule.jpg  used on input line 503.
(pdftex.def)             Requested size: 216.80946pt x 367.435pt.

Underfull \hbox (badness 10000) in paragraph at lines 495--533

 []


LaTeX Warning: `h' float specifier changed to `ht'.


Underfull \hbox (badness 10000) in paragraph at lines 534--542

 []



[43]
Underfull \hbox (badness 10000) in paragraph at lines 542--562

 []


Underfull \hbox (badness 10000) in paragraph at lines 542--562

 []



[44 <./Ch6/wadesrule.jpg>]
Underfull \hbox (badness 10000) in paragraph at lines 562--564

 []

)

[45]
\openout2 = `Ch7/Chapter7.aux'.

 (./Ch7/Chapter7.tex
Chapter 7.

Underfull \hbox (badness 10000) in paragraph at lines 7--16

 []


Underfull \hbox (badness 10000) in paragraph at lines 7--16

 []


Underfull \hbox (badness 10000) in paragraph at lines 16--23

 []


Underfull \hbox (badness 10000) in paragraph at lines 16--23

 []


Underfull \hbox (badness 10000) in paragraph at lines 16--23

 []



[46




]
Underfull \hbox (badness 10000) in paragraph at lines 57--64

 []


Underfull \hbox (badness 10000) in paragraph at lines 57--64

 []


Underfull \hbox (badness 10000) in paragraph at lines 75--80

 []



[47]
Underfull \hbox (badness 10000) in paragraph at lines 83--88

 []

<Ch7/classification_sym.png, id=1213, 1285.80376pt x 639.89063pt>
File: Ch7/classification_sym.png Graphic file (type png)
<use Ch7/classification_sym.png>
Package pdftex.def Info: Ch7/classification_sym.png  used on input line 100.
(pdftex.def)             Requested size: 347.17166pt x 172.77277pt.

Underfull \hbox (badness 10000) in paragraph at lines 106--117

 []


Underfull \hbox (badness 10000) in paragraph at lines 106--117

 []



[48 <./Ch7/classification_sym.png>]
Underfull \hbox (badness 10000) in paragraph at lines 122--130

 []


Underfull \hbox (badness 10000) in paragraph at lines 133--146

 []


Underfull \hbox (badness 10000) in paragraph at lines 133--146

 []


Underfull \hbox (badness 10000) in paragraph at lines 133--146

 []


Underfull \hbox (badness 10000) in paragraph at lines 146--166

 []


Underfull \hbox (badness 10000) in paragraph at lines 146--166

 []



[49]
Underfull \hbox (badness 10000) in paragraph at lines 190--196

 []


Underfull \hbox (badness 10000) in paragraph at lines 201--211

 []


Underfull \hbox (badness 10000) in paragraph at lines 201--211

 []


Underfull \hbox (badness 10000) in paragraph at lines 201--211

 []



[50]
Underfull \hbox (badness 10000) in paragraph at lines 211--228

 []


Underfull \hbox (badness 10000) in paragraph at lines 211--228

 []


Underfull \hbox (badness 10000) in paragraph at lines 211--228

 []


Underfull \hbox (badness 10000) in paragraph at lines 211--228

 []


Package hyperref Warning: Token not allowed in a PDF string (Unicode):
(hyperref)                removing `math shift' on input line 229.


Package hyperref Warning: Token not allowed in a PDF string (Unicode):
(hyperref)                removing `math shift' on input line 229.

<Ch7/spmixing.png, id=1244, 4286.51437pt x 2574.61874pt>
File: Ch7/spmixing.png Graphic file (type png)
<use Ch7/spmixing.png>
Package pdftex.def Info: Ch7/spmixing.png  used on input line 238.
(pdftex.def)             Requested size: 257.17976pt x 154.47046pt.
<Ch7/orbitale.png, id=1246, 559.764pt x 598.965pt>
File: Ch7/orbitale.png Graphic file (type png)
<use Ch7/orbitale.png>
Package pdftex.def Info: Ch7/orbitale.png  used on input line 246.
(pdftex.def)             Requested size: 167.9305pt x 179.69087pt.
<Ch7/p2trend.jpg, id=1247, 2735.21875pt x 2097.8375pt>
File: Ch7/p2trend.jpg Graphic file (type jpg)
<use Ch7/p2trend.jpg>
Package pdftex.def Info: Ch7/p2trend.jpg  used on input line 247.
(pdftex.def)             Requested size: 218.82198pt x 167.83043pt.

LaTeX Warning: `h' float specifier changed to `ht'.


LaTeX Warning: `h' float specifier changed to `ht'.


Underfull \hbox (badness 10000) in paragraph at lines 253--285

 []



[51]

[52 <./Ch7/spmixing.png> <./Ch7/orbitale.png> <./Ch7/p2trend.jpg>]
<Ch7/NH31.png, id=1264, 689.57625pt x 1081.03876pt>
File: Ch7/NH31.png Graphic file (type png)
<use Ch7/NH31.png>
Package pdftex.def Info: Ch7/NH31.png  used on input line 291.
(pdftex.def)             Requested size: 137.9128pt x 216.20392pt.
<Ch7/NH32.png, id=1265, 653.44125pt x 604.50844pt>
File: Ch7/NH32.png Graphic file (type png)
<use Ch7/NH32.png>
Package pdftex.def Info: Ch7/NH32.png  used on input line 293.
(pdftex.def)             Requested size: 130.68593pt x 120.89954pt.

Underfull \hbox (badness 10000) in paragraph at lines 321--330

 []


Underfull \hbox (badness 10000) in paragraph at lines 321--330

 []



[53 <./Ch7/NH31.png> <./Ch7/NH32.png>]
Underfull \hbox (badness 10000) in paragraph at lines 348--353

 []


Underfull \hbox (badness 10000) in paragraph at lines 348--353

 []


Underfull \hbox (badness 10000) in paragraph at lines 355--361

 []



[54]
Underfull \hbox (badness 10000) in paragraph at lines 372--377

 []



[55]
Underfull \hbox (badness 10000) in paragraph at lines 393--398

 []

<Ch7/doublegroup.jpg, id=1286, 3491.0425pt x 1098.1025pt>
File: Ch7/doublegroup.jpg Graphic file (type jpg)
<use Ch7/doublegroup.jpg>
Package pdftex.def Info: Ch7/doublegroup.jpg  used on input line 404.
(pdftex.def)             Requested size: 349.12471pt x 109.81668pt.
)

[56 <./Ch7/doublegroup.jpg>]
\openout2 = `Ch8/Chapter8.aux'.

 (./Ch8/Chapter8.tex
Chapter 8.

Underfull \hbox (badness 10000) in paragraph at lines 5--10

 []


Underfull \hbox (badness 10000) in paragraph at lines 14--18

 []



[57




]
Underfull \hbox (badness 10000) in paragraph at lines 52--58

 []


Underfull \hbox (badness 10000) in paragraph at lines 52--58

 []


Underfull \hbox (badness 10000) in paragraph at lines 61--64

 []



[58]
Underfull \hbox (badness 10000) in paragraph at lines 77--80

 []



[59]
Underfull \hbox (badness 10000) in paragraph at lines 114--117

 []


Underfull \hbox (badness 10000) in paragraph at lines 120--122

 []


Underfull \hbox (badness 10000) in paragraph at lines 120--122

 []



[60]
Underfull \hbox (badness 10000) in paragraph at lines 132--139

 []


Underfull \hbox (badness 10000) in paragraph at lines 132--139

 []


Underfull \hbox (badness 10000) in paragraph at lines 147--151

 []



[61]
Underfull \hbox (badness 10000) in paragraph at lines 159--162

 []

<Ch8/hb.png, id=1317, 1754.80594pt x 780.66656pt>
File: Ch8/hb.png Graphic file (type png)
<use Ch8/hb.png>
Package pdftex.def Info: Ch8/hb.png  used on input line 167.
(pdftex.def)             Requested size: 175.49088pt x 78.07123pt.

Underfull \hbox (badness 10000) in paragraph at lines 164--177

 []


Underfull \hbox (badness 10000) in paragraph at lines 164--177

 []

<Ch8/HBnetwork.png, id=1318, 1313.6578pt x 883.80188pt>
File: Ch8/HBnetwork.png Graphic file (type png)
<use Ch8/HBnetwork.png>
Package pdftex.def Info: Ch8/HBnetwork.png  used on input line 187.
(pdftex.def)             Requested size: 262.7269pt x 176.75725pt.


[62 <./Ch8/hb.png>]
Underfull \hbox (badness 10000) in paragraph at lines 193--197

 []


Underfull \hbox (badness 10000) in paragraph at lines 193--197

 []

<Ch8/sh1.png, id=1328, 1431.84938pt x 1320.43312pt>
File: Ch8/sh1.png Graphic file (type png)
<use Ch8/sh1.png>
Package pdftex.def Info: Ch8/sh1.png  used on input line 206.
(pdftex.def)             Requested size: 114.55028pt x 105.6368pt.
<Ch8/sh2.png, id=1329, 1431.84938pt x 1320.43312pt>
File: Ch8/sh2.png Graphic file (type png)
<use Ch8/sh2.png>
Package pdftex.def Info: Ch8/sh2.png  used on input line 207.
(pdftex.def)             Requested size: 114.55028pt x 105.6368pt.
<Ch8/xb.png, id=1330, 4473.96469pt x 2385.66281pt>
File: Ch8/xb.png Graphic file (type png)
<use Ch8/xb.png>
Package pdftex.def Info: Ch8/xb.png  used on input line 217.
(pdftex.def)             Requested size: 223.71133pt x 119.29013pt.

Underfull \hbox (badness 10000) in paragraph at lines 203--221

 []


LaTeX Warning: `h' float specifier changed to `ht'.



[63 <./Ch8/HBnetwork.png>]
Underfull \hbox (badness 10000) in paragraph at lines 224--237

 []


Underfull \hbox (badness 10000) in paragraph at lines 224--237

 []



[64 <./Ch8/sh1.png> <./Ch8/sh2.png> <./Ch8/xb.png>]
<Ch8/hbexb.png, id=1348, 5227.53pt x 1875.25594pt>
File: Ch8/hbexb.png Graphic file (type png)
<use Ch8/hbexb.png>
Package pdftex.def Info: Ch8/hbexb.png  used on input line 246.
(pdftex.def)             Requested size: 313.63828pt x 112.5105pt.


Package hyperref Warning: Token not allowed in a PDF string (Unicode):
(hyperref)                removing `math shift' on input line 249.


Package hyperref Warning: Token not allowed in a PDF string (Unicode):
(hyperref)                removing `\pi' on input line 249.


Package hyperref Warning: Token not allowed in a PDF string (Unicode):
(hyperref)                removing `math shift' on input line 249.


Package hyperref Warning: Token not allowed in a PDF string (Unicode):
(hyperref)                removing `math shift' on input line 249.


Package hyperref Warning: Token not allowed in a PDF string (Unicode):
(hyperref)                removing `\pi' on input line 249.


Package hyperref Warning: Token not allowed in a PDF string (Unicode):
(hyperref)                removing `math shift' on input line 249.

<Ch8/stack.png, id=1350, 3149.7675pt x 939.51pt>
File: Ch8/stack.png Graphic file (type png)
<use Ch8/stack.png>
Package pdftex.def Info: Ch8/stack.png  used on input line 255.
(pdftex.def)             Requested size: 251.98654pt x 75.16232pt.

Underfull \hbox (badness 10000) in paragraph at lines 262--264

 []



[65 <./Ch8/hbexb.png> <./Ch8/stack.png>])
Underfull \hbox (badness 10000) in paragraph at lines 274--39

 []



[66]
\openout2 = `Ch9/Chapter9.aux'.

 (./Ch9/Chapter9.tex
Chapter 9.

Underfull \hbox (badness 10000) in paragraph at lines 20--35

 []


Underfull \hbox (badness 10000) in paragraph at lines 20--35

 []

<Ch9/lft.png, id=1369, 1361.83781pt x 1050.92625pt>
File: Ch9/lft.png Graphic file (type png)
<use Ch9/lft.png>
Package pdftex.def Info: Ch9/lft.png  used on input line 44.
(pdftex.def)             Requested size: 408.5545pt x 315.2803pt.


[67




]
Underfull \hbox (badness 10000) in paragraph at lines 71--78

 []



[68 <./Ch9/lft.png>]
Underfull \hbox (badness 10000) in paragraph at lines 93--100

 []

<Ch9/octatetrasplit.jpg, id=1383, 1522.68875pt x 1738.495pt>
File: Ch9/octatetrasplit.jpg Graphic file (type jpg)
<use Ch9/octatetrasplit.jpg>
Package pdftex.def Info: Ch9/octatetrasplit.jpg  used on input line 119.
(pdftex.def)             Requested size: 152.27779pt x 173.85968pt.
<Ch9/jahn-teller.png, id=1384, 579.66562pt x 347.79938pt>
File: Ch9/jahn-teller.png Graphic file (type png)
<use Ch9/jahn-teller.png>
Package pdftex.def Info: Ch9/jahn-teller.png  used on input line 120.
(pdftex.def)             Requested size: 260.8471pt x 156.50827pt.

Underfull \hbox (badness 10000) in paragraph at lines 108--127

 []


LaTeX Warning: `h' float specifier changed to `ht'.


Underfull \hbox (badness 10000) in paragraph at lines 129--148

 []


Underfull \hbox (badness 10000) in paragraph at lines 129--148

 []



[69]
Underfull \hbox (badness 10000) in paragraph at lines 152--159

 []


Underfull \hbox (badness 10000) in paragraph at lines 166--170

 []


Underfull \hbox (badness 10000) in paragraph at lines 181--192

 []



[70 <./Ch9/octatetrasplit.jpg> <./Ch9/jahn-teller.png>]
Underfull \hbox (badness 10000) in paragraph at lines 194--203

 []

<Ch9/ct.png, id=1400, 1157.07281pt x 656.4525pt>
File: Ch9/ct.png Graphic file (type png)
<use Ch9/ct.png>
Package pdftex.def Info: Ch9/ct.png  used on input line 221.
(pdftex.def)             Requested size: 347.12453pt x 196.93727pt.

LaTeX Warning: `h' float specifier changed to `ht'.


Underfull \hbox (badness 10000) in paragraph at lines 229--249

 []


Underfull \hbox (badness 10000) in paragraph at lines 229--249

 []


Underfull \hbox (badness 10000) in paragraph at lines 229--249

 []


Underfull \hbox (badness 10000) in paragraph at lines 229--249

 []



[71]
<Ch9/tanabe.png, id=1412, 333.245pt x 397.485pt>
File: Ch9/tanabe.png Graphic file (type png)
<use Ch9/tanabe.png>
Package pdftex.def Info: Ch9/tanabe.png  used on input line 269.
(pdftex.def)             Requested size: 199.94853pt x 238.49283pt.

Underfull \hbox (badness 10000) in paragraph at lines 251--273

 []


Underfull \hbox (badness 10000) in paragraph at lines 251--273

 []



[72 <./Ch9/ct.png>]
<Ch9/complex.png, id=1422, 2752.2825pt x 3797.18625pt>
File: Ch9/complex.png Graphic file (type png)
<use Ch9/complex.png>
Package pdftex.def Info: Ch9/complex.png  used on input line 292.
(pdftex.def)             Requested size: 275.24437pt x 379.74088pt.


LaTeX Warning: `h' float specifier changed to `ht'.



[73 <./Ch9/tanabe.png>]

[74 <./Ch9/complex.png>]
<Ch9/cbc.png, id=1435, 1305.37688pt x 489.32813pt>
File: Ch9/cbc.png Graphic file (type png)
<use Ch9/cbc.png>
Package pdftex.def Info: Ch9/cbc.png  used on input line 331.
(pdftex.def)             Requested size: 261.07076pt x 97.86388pt.
<Ch9/cbcligand.png, id=1437, 919.93687pt x 599.99156pt>
File: Ch9/cbcligand.png Graphic file (type png)
<use Ch9/cbcligand.png>
Package pdftex.def Info: Ch9/cbcligand.png  used on input line 342.
(pdftex.def)             Requested size: 229.98366pt x 149.99751pt.

Underfull \hbox (badness 10000) in paragraph at lines 349--361

 []



[75 <./Ch9/cbc.png> <./Ch9/cbcligand.png>]
Underfull \hbox (badness 10000) in paragraph at lines 377--390

 []


Underfull \hbox (badness 10000) in paragraph at lines 397--407

 []



[76]
<Ch9/CO_MO.png, id=1456, 2384.91pt x 3793.42218pt>
File: Ch9/CO_MO.png Graphic file (type png)
<use Ch9/CO_MO.png>
Package pdftex.def Info: Ch9/CO_MO.png  used on input line 433.
(pdftex.def)             Requested size: 143.08842pt x 227.5955pt.
<Ch9/MCO.png, id=1457, 4819.50563pt x 3027.81187pt>
File: Ch9/MCO.png Graphic file (type png)
<use Ch9/MCO.png>
Package pdftex.def Info: Ch9/MCO.png  used on input line 437.
(pdftex.def)             Requested size: 192.74739pt x 121.09184pt.

Overfull \hbox (15.31871pt too wide) in paragraph at lines 437--438
[][] 
 []

<Ch9/comu.png, id=1459, 4521.39188pt x 1217.2978pt>
File: Ch9/comu.png Graphic file (type png)
<use Ch9/comu.png>
Package pdftex.def Info: Ch9/comu.png  used on input line 455.
(pdftex.def)             Requested size: 271.2718pt x 73.03471pt.
<Ch9/semiCO.png, id=1461, 4434.06563pt x 1205.2528pt>
File: Ch9/semiCO.png Graphic file (type png)
<use Ch9/semiCO.png>
Package pdftex.def Info: Ch9/semiCO.png  used on input line 466.
(pdftex.def)             Requested size: 266.03246pt x 72.31204pt.

LaTeX Warning: `h' float specifier changed to `ht'.



[77 <./Ch9/CO_MO.png> <./Ch9/MCO.png> <./Ch9/comu.png>]
<Ch9/alkenemetal.png, id=1472, 4403.95313pt x 876.27374pt>
File: Ch9/alkenemetal.png Graphic file (type png)
<use Ch9/alkenemetal.png>
Package pdftex.def Info: Ch9/alkenemetal.png  used on input line 501.
(pdftex.def)             Requested size: 352.32346pt x 70.10332pt.

Underfull \hbox (badness 10000) in paragraph at lines 514--521

 []



[78 <./Ch9/semiCO.png> <./Ch9/alkenemetal.png>]
Underfull \hbox (badness 10000) in paragraph at lines 523--536

 []


Underfull \hbox (badness 10000) in paragraph at lines 551--560

 []



[79]
Underfull \hbox (badness 10000) in paragraph at lines 573--581

 []



[80]
<Ch9/inverse.png, id=1503, 3441.85875pt x 2433.09pt>
File: Ch9/inverse.png Graphic file (type png)
<use Ch9/inverse.png>
Package pdftex.def Info: Ch9/inverse.png  used on input line 635.
(pdftex.def)             Requested size: 206.50261pt x 145.9791pt.

Underfull \hbox (badness 10000) in paragraph at lines 627--651

 []

)

[81 <./Ch9/inverse.png>]
\openout2 = `Ch10/Chapter10.aux'.

 (./Ch10/Chapter10.tex
Chapter 10.

Underfull \hbox (badness 10000) in paragraph at lines 7--15

 []


Underfull \hbox (badness 10000) in paragraph at lines 19--27

 []


Underfull \hbox (badness 10000) in paragraph at lines 46--56

 []



[82




]

[83]
<Ch10/Lattice/bravis.jpg, id=1526, 3942.73pt x 3426.8025pt>
File: Ch10/Lattice/bravis.jpg Graphic file (type jpg)
<use Ch10/Lattice/bravis.jpg>
Package pdftex.def Info: Ch10/Lattice/bravis.jpg  used on input line 170.
(pdftex.def)             Requested size: 394.2961pt x 342.70033pt.


LaTeX Warning: `h' float specifier changed to `ht'.



[84]
<Ch10/Lattice/spacegroup.jpg, id=1537, 3856.4075pt x 2300.595pt>
File: Ch10/Lattice/spacegroup.jpg Graphic file (type jpg)
<use Ch10/Lattice/spacegroup.jpg>
Package pdftex.def Info: Ch10/Lattice/spacegroup.jpg  used on input line 212.
(pdftex.def)             Requested size: 385.66335pt x 230.07298pt.


LaTeX Warning: `h' float specifier changed to `ht'.


Underfull \hbox (badness 10000) in paragraph at lines 223--234

 []


Underfull \hbox (badness 10000) in paragraph at lines 223--234

 []



[85 <./Ch10/Lattice/bravis.jpg>]
Underfull \hbox (badness 10000) in paragraph at lines 236--243

 []



[86 <./Ch10/Lattice/spacegroup.jpg>]
Underfull \hbox (badness 10000) in paragraph at lines 267--279

 []


Underfull \hbox (badness 10000) in paragraph at lines 267--279

 []


Underfull \hbox (badness 10000) in paragraph at lines 303--308

 []

<Ch10/ClosestPacking/ClosestPacking1.png, id=1551, 129.81833pt x 129.81833pt>
File: Ch10/ClosestPacking/ClosestPacking1.png Graphic file (type png)
<use Ch10/ClosestPacking/ClosestPacking1.png>
Package pdftex.def Info: Ch10/ClosestPacking/ClosestPacking1.png  used on input
 line 325.
(pdftex.def)             Requested size: 129.818pt x 129.818pt.
<Ch10/ClosestPacking/ClosestPacking2.png, id=1552, 129.81833pt x 129.81833pt>
File: Ch10/ClosestPacking/ClosestPacking2.png Graphic file (type png)
<use Ch10/ClosestPacking/ClosestPacking2.png>
Package pdftex.def Info: Ch10/ClosestPacking/ClosestPacking2.png  used on input
 line 327.
(pdftex.def)             Requested size: 129.818pt x 129.818pt.
<Ch10/ClosestPacking/ClosestPacking3.png, id=1554, 129.81833pt x 129.81833pt>
File: Ch10/ClosestPacking/ClosestPacking3.png Graphic file (type png)
<use Ch10/ClosestPacking/ClosestPacking3.png>
Package pdftex.def Info: Ch10/ClosestPacking/ClosestPacking3.png  used on input
 line 340.
(pdftex.def)             Requested size: 129.818pt x 129.818pt.
<Ch10/ClosestPacking/voids1.png, id=1555, 108.3076pt x 117.02481pt>
File: Ch10/ClosestPacking/voids1.png Graphic file (type png)
<use Ch10/ClosestPacking/voids1.png>
Package pdftex.def Info: Ch10/ClosestPacking/voids1.png  used on input line 342
.
(pdftex.def)             Requested size: 108.30733pt x 117.0245pt.

Underfull \hbox (badness 10000) in paragraph at lines 316--354

 []



[87]

[88 <./Ch10/ClosestPacking/ClosestPacking1.png> <./Ch10/ClosestPacking/ClosestP
acking2.png> <./Ch10/ClosestPacking/ClosestPacking3.png> <./Ch10/ClosestPacking
/Voids1.png>]
<Ch10/ClosestPacking/octahedron.png, id=1570, 8873.40094pt x 4264.68282pt>
File: Ch10/ClosestPacking/octahedron.png Graphic file (type png)
<use Ch10/ClosestPacking/octahedron.png>
Package pdftex.def Info: Ch10/ClosestPacking/octahedron.png  used on input line
 369.
(pdftex.def)             Requested size: 177.5055pt x 85.31166pt.
<Ch10/ClosestPacking/tetrahedron.png, id=1571, 10373.00343pt x 3196.44188pt>
File: Ch10/ClosestPacking/tetrahedron.png Graphic file (type png)
<use Ch10/ClosestPacking/tetrahedron.png>
Package pdftex.def Info: Ch10/ClosestPacking/tetrahedron.png  used on input lin
e 370.
(pdftex.def)             Requested size: 259.26114pt x 79.89134pt.
<Ch10/ClosestPacking/hcp.png, id=1573, 2495.57344pt x 2900.58656pt>
File: Ch10/ClosestPacking/hcp.png Graphic file (type png)
<use Ch10/ClosestPacking/hcp.png>
Package pdftex.def Info: Ch10/ClosestPacking/hcp.png  used on input line 385.
(pdftex.def)             Requested size: 99.80594pt x 116.0037pt.
<Ch10/ClosestPacking/hcp63.png, id=1574, 3376.36406pt x 2531.70844pt>
File: Ch10/ClosestPacking/hcp63.png Graphic file (type png)
<use Ch10/ClosestPacking/hcp63.png>
Package pdftex.def Info: Ch10/ClosestPacking/hcp63.png  used on input line 386.

(pdftex.def)             Requested size: 135.03156pt x 101.25108pt.
<Ch10/ClosestPacking/hcpvoid.jpg, id=1577, 3401.20688pt x 1516.16437pt>
File: Ch10/ClosestPacking/hcpvoid.jpg Graphic file (type jpg)
<use Ch10/ClosestPacking/hcpvoid.jpg>
Package pdftex.def Info: Ch10/ClosestPacking/hcpvoid.jpg  used on input line 39
6.
(pdftex.def)             Requested size: 272.10211pt x 121.29562pt.


LaTeX Warning: `h' float specifier changed to `ht'.



[89 <./Ch10/ClosestPacking/octahedron.png> <./Ch10/ClosestPacking/tetrahedron.p
ng> <./Ch10/ClosestPacking/hcp.png> <./Ch10/ClosestPacking/hcp63.png>]
<Ch10/ClosestPacking/ccp.png, id=1590, 3327.43124pt x 3327.43124pt>
File: Ch10/ClosestPacking/ccp.png Graphic file (type png)
<use Ch10/ClosestPacking/ccp.png>
Package pdftex.def Info: Ch10/ClosestPacking/ccp.png  used on input line 442.
(pdftex.def)             Requested size: 133.07458pt x 133.07458pt.
<Ch10/ClosestPacking/ccp2.png, id=1591, 3327.43124pt x 3327.43124pt>
File: Ch10/ClosestPacking/ccp2.png Graphic file (type png)
<use Ch10/ClosestPacking/ccp2.png>
Package pdftex.def Info: Ch10/ClosestPacking/ccp2.png  used on input line 443.
(pdftex.def)             Requested size: 133.07458pt x 133.07458pt.
<Ch10/ClosestPacking/ccpvoid.jpg, id=1593, 3389.91469pt x 1314.41063pt>
File: Ch10/ClosestPacking/ccpvoid.jpg Graphic file (type jpg)
<use Ch10/ClosestPacking/ccpvoid.jpg>
Package pdftex.def Info: Ch10/ClosestPacking/ccpvoid.jpg  used on input line 45
2.
(pdftex.def)             Requested size: 271.19872pt x 105.155pt.


LaTeX Warning: `h' float specifier changed to `ht'.



[90 <./Ch10/ClosestPacking/hcpvoid.jpg> <./Ch10/ClosestPacking/ccp.png> <./Ch10
/ClosestPacking/ccp2.png>]
<Ch10/Lattice/metals.jpg, id=1607, 2919.90875pt x 2226.3175pt>
File: Ch10/Lattice/metals.jpg Graphic file (type jpg)
<use Ch10/Lattice/metals.jpg>
Package pdftex.def Info: Ch10/Lattice/metals.jpg  used on input line 515.
(pdftex.def)             Requested size: 292.00798pt x 222.64479pt.

Underfull \hbox (badness 10000) in paragraph at lines 510--530

 []


LaTeX Warning: `h' float specifier changed to `ht'.



[91 <./Ch10/ClosestPacking/ccpvoid.jpg>]

[92 <./Ch10/Lattice/metals.jpg>]
Underfull \hbox (badness 10000) in paragraph at lines 561--570

 []

<Ch10/Halite/NaCl.png, id=1622, 3410.24063pt x 3410.24063pt>
File: Ch10/Halite/NaCl.png Graphic file (type png)
<use Ch10/Halite/NaCl.png>
Package pdftex.def Info: Ch10/Halite/NaCl.png  used on input line 614.
(pdftex.def)             Requested size: 136.3864pt x 136.3864pt.
<Ch10/Halite/CaC2.png, id=1623, 3410.24063pt x 3405.72375pt>
File: Ch10/Halite/CaC2.png Graphic file (type png)
<use Ch10/Halite/CaC2.png>
Package pdftex.def Info: Ch10/Halite/CaC2.png  used on input line 615.
(pdftex.def)             Requested size: 136.3864pt x 136.20575pt.
<Ch10/Halite/FeS2.png, id=1625, 3398.19562pt x 2719.15875pt>
File: Ch10/Halite/FeS2.png Graphic file (type png)
<use Ch10/Halite/FeS2.png>
Package pdftex.def Info: Ch10/Halite/FeS2.png  used on input line 629.
(pdftex.def)             Requested size: 135.90468pt x 108.74782pt.
<Ch10/Halite/FeS2_3.png, id=1626, 3385.39781pt x 2708.61937pt>
File: Ch10/Halite/FeS2_3.png Graphic file (type png)
<use Ch10/Halite/FeS2_3.png>
Package pdftex.def Info: Ch10/Halite/FeS2_3.png  used on input line 630.
(pdftex.def)             Requested size: 135.39285pt x 108.32632pt.
<Ch10/Halite/NbO.png, id=1628, 3410.24063pt x 3410.24063pt>
File: Ch10/Halite/NbO.png Graphic file (type png)
<use Ch10/Halite/NbO.png>
Package pdftex.def Info: Ch10/Halite/NbO.png  used on input line 642.
(pdftex.def)             Requested size: 136.3864pt x 136.3864pt.
<Ch10/Halite/ReO3.png, id=1629, 3410.24063pt x 3410.24063pt>
File: Ch10/Halite/ReO3.png Graphic file (type png)
<use Ch10/Halite/ReO3.png>
Package pdftex.def Info: Ch10/Halite/ReO3.png  used on input line 643.
(pdftex.def)             Requested size: 136.3864pt x 136.3864pt.
<Ch10/Perovskite/BaTiO3.png, id=1630, 3410.24063pt x 3410.24063pt>
File: Ch10/Perovskite/BaTiO3.png Graphic file (type png)
<use Ch10/Perovskite/BaTiO3.png>
Package pdftex.def Info: Ch10/Perovskite/BaTiO3.png  used on input line 644.
(pdftex.def)             Requested size: 136.3864pt x 136.3864pt.

Underfull \hbox (badness 10000) in paragraph at lines 604--654

 []



[93]

LaTeX Warning: `h' float specifier changed to `ht'.

<Ch10/Perovskite/BaTiO3_pack.png, id=1638, 3287.53218pt x 1708.88437pt>
File: Ch10/Perovskite/BaTiO3_pack.png Graphic file (type png)
<use Ch10/Perovskite/BaTiO3_pack.png>
Package pdftex.def Info: Ch10/Perovskite/BaTiO3_pack.png  used on input line 67
0.
(pdftex.def)             Requested size: 197.24342pt x 102.52864pt.
<Ch10/Perovskite/BaTiO3_layer.png, id=1639, 239.04079pt x 155.45619pt>
File: Ch10/Perovskite/BaTiO3_layer.png Graphic file (type png)
<use Ch10/Perovskite/BaTiO3_layer.png>
Package pdftex.def Info: Ch10/Perovskite/BaTiO3_layer.png  used on input line 6
71.
(pdftex.def)             Requested size: 133.86192pt x 87.05487pt.


[94 <./Ch10/Halite/NaCl.png> <./Ch10/Halite/CaC2.png> <./Ch10/Halite/FeS2.png> 
<./Ch10/Halite/FeS2_3.png>]
<Ch10/Perovskite/BaTiO3_distort.png, id=1652, 3410.24063pt x 2758.305pt>
File: Ch10/Perovskite/BaTiO3_distort.png Graphic file (type png)
<use Ch10/Perovskite/BaTiO3_distort.png>
Package pdftex.def Info: Ch10/Perovskite/BaTiO3_distort.png  used on input line
 695.
(pdftex.def)             Requested size: 136.3864pt x 110.3134pt.
<Ch10/Perovskite/CsSnI3.png, id=1653, 3410.24063pt x 2759.05782pt>
File: Ch10/Perovskite/CsSnI3.png Graphic file (type png)
<use Ch10/Perovskite/CsSnI3.png>
Package pdftex.def Info: Ch10/Perovskite/CsSnI3.png  used on input line 696.
(pdftex.def)             Requested size: 136.3864pt x 110.3435pt.
<Ch10/Perovskite/NaWO3.png, id=1655, 2775.61969pt x 2333.71875pt>
File: Ch10/Perovskite/NaWO3.png Graphic file (type png)
<use Ch10/Perovskite/NaWO3.png>
Package pdftex.def Info: Ch10/Perovskite/NaWO3.png  used on input line 708.
(pdftex.def)             Requested size: 111.00587pt x 93.33284pt.
<Ch10/Perovskite/KNbO3.png, id=1656, 2775.61969pt x 2335.22438pt>
File: Ch10/Perovskite/KNbO3.png Graphic file (type png)
<use Ch10/Perovskite/KNbO3.png>
Package pdftex.def Info: Ch10/Perovskite/KNbO3.png  used on input line 709.
(pdftex.def)             Requested size: 111.00587pt x 93.39307pt.
<Ch10/Perovskite/2dperovskite.png, id=1658, 3410.24063pt x 1705.12032pt>
File: Ch10/Perovskite/2dperovskite.png Graphic file (type png)
<use Ch10/Perovskite/2dperovskite.png>
Package pdftex.def Info: Ch10/Perovskite/2dperovskite.png  used on input line 7
23.
(pdftex.def)             Requested size: 204.6056pt x 102.3028pt.


LaTeX Warning: `h' float specifier changed to `ht'.



[95 <./Ch10/Halite/NbO.png> <./Ch10/Halite/ReO3.png> <./Ch10/Perovskite/BaTiO3.
png> <./Ch10/Perovskite/BaTiO3_pack.png> <./Ch10/Perovskite/BaTiO3_layer.png>]
<Ch10/Cubic/FeCN.png, id=1674, 3405.72375pt x 2554.29282pt>
File: Ch10/Cubic/FeCN.png Graphic file (type png)
<use Ch10/Cubic/FeCN.png>
Package pdftex.def Info: Ch10/Cubic/FeCN.png  used on input line 744.
(pdftex.def)             Requested size: 136.20575pt x 102.15431pt.
<Ch10/Cubic/CsCl.png, id=1675, 3410.24063pt x 2557.30406pt>
File: Ch10/Cubic/CsCl.png Graphic file (type png)
<use Ch10/Cubic/CsCl.png>
Package pdftex.def Info: Ch10/Cubic/CsCl.png  used on input line 745.
(pdftex.def)             Requested size: 136.3864pt x 102.27473pt.

Underfull \hbox (badness 10000) in paragraph at lines 736--752

 []



[96 <./Ch10/Perovskite/BaTiO3_distort.png> <./Ch10/Perovskite/CsSnI3.png> <./Ch
10/Perovskite/NaWO3.png> <./Ch10/Perovskite/KNbO3.png> <./Ch10/Perovskite/2dper
ovskite.png>]
<Ch10/Spinel/spinel.jpg, id=1688, 4673.46pt x 1934.22626pt>
File: Ch10/Spinel/spinel.jpg Graphic file (type jpg)
<use Ch10/Spinel/spinel.jpg>
Package pdftex.def Info: Ch10/Spinel/spinel.jpg  used on input line 762.
(pdftex.def)             Requested size: 280.39551pt x 116.04857pt.
<Ch10/Spinel/spinel_framework.png, id=1691, 3909.35532pt x 3334.20656pt>
File: Ch10/Spinel/spinel_framework.png Graphic file (type png)
<use Ch10/Spinel/spinel_framework.png>
Package pdftex.def Info: Ch10/Spinel/spinel_framework.png  used on input line 7
77.
(pdftex.def)             Requested size: 164.22163pt x 140.06116pt.
<Ch10/Spinel/spinel_polyhedra.png, id=1692, 3841.60219pt x 3410.24063pt>
File: Ch10/Spinel/spinel_polyhedra.png Graphic file (type png)
<use Ch10/Spinel/spinel_polyhedra.png>
Package pdftex.def Info: Ch10/Spinel/spinel_polyhedra.png  used on input line 7
78.
(pdftex.def)             Requested size: 153.63791pt x 136.3864pt.
<Ch10/Spinel/spl0.png, id=1693, 1705.12032pt x 1705.12032pt>
File: Ch10/Spinel/spl0.png Graphic file (type png)
<use Ch10/Spinel/spl0.png>
Package pdftex.def Info: Ch10/Spinel/spl0.png  used on input line 781.
(pdftex.def)             Requested size: 51.1514pt x 51.1514pt.
<Ch10/Spinel/spl1.png, id=1694, 1705.12032pt x 1705.12032pt>
File: Ch10/Spinel/spl1.png Graphic file (type png)
<use Ch10/Spinel/spl1.png>
Package pdftex.def Info: Ch10/Spinel/spl1.png  used on input line 782.
(pdftex.def)             Requested size: 51.1514pt x 51.1514pt.
<Ch10/Spinel/spl2.png, id=1695, 1705.12032pt x 1705.12032pt>
File: Ch10/Spinel/spl2.png Graphic file (type png)
<use Ch10/Spinel/spl2.png>
Package pdftex.def Info: Ch10/Spinel/spl2.png  used on input line 783.
(pdftex.def)             Requested size: 51.1514pt x 51.1514pt.
<Ch10/Spinel/spl3.png, id=1696, 1705.12032pt x 1705.12032pt>
File: Ch10/Spinel/spl3.png Graphic file (type png)
<use Ch10/Spinel/spl3.png>
Package pdftex.def Info: Ch10/Spinel/spl3.png  used on input line 784.
(pdftex.def)             Requested size: 51.1514pt x 51.1514pt.
<Ch10/Spinel/spl4.png, id=1697, 1705.12032pt x 1705.12032pt>
File: Ch10/Spinel/spl4.png Graphic file (type png)
<use Ch10/Spinel/spl4.png>
Package pdftex.def Info: Ch10/Spinel/spl4.png  used on input line 785.
(pdftex.def)             Requested size: 51.1514pt x 51.1514pt.
<Ch10/Spinel/spl5.png, id=1698, 1705.12032pt x 1705.12032pt>
File: Ch10/Spinel/spl5.png Graphic file (type png)
<use Ch10/Spinel/spl5.png>
Package pdftex.def Info: Ch10/Spinel/spl5.png  used on input line 786.
(pdftex.def)             Requested size: 51.1514pt x 51.1514pt.
<Ch10/Spinel/spl6.png, id=1699, 1705.12032pt x 1705.12032pt>
File: Ch10/Spinel/spl6.png Graphic file (type png)
<use Ch10/Spinel/spl6.png>
Package pdftex.def Info: Ch10/Spinel/spl6.png  used on input line 787.
(pdftex.def)             Requested size: 51.1514pt x 51.1514pt.
<Ch10/Spinel/spl7.png, id=1700, 1705.12032pt x 1705.12032pt>
File: Ch10/Spinel/spl7.png Graphic file (type png)
<use Ch10/Spinel/spl7.png>
Package pdftex.def Info: Ch10/Spinel/spl7.png  used on input line 788.
(pdftex.def)             Requested size: 51.1514pt x 51.1514pt.

Underfull \hbox (badness 10000) in paragraph at lines 754--802

 []


LaTeX Warning: `h' float specifier changed to `ht'.



[97 <./Ch10/Cubic/FeCN.png> <./Ch10/Cubic/CsCl.png> <./Ch10/Spinel/spinel.jpg>]
<Ch10/Rutile/rutile.png, id=1712, 3406.47656pt x 2555.04562pt>
File: Ch10/Rutile/rutile.png Graphic file (type png)
<use Ch10/Rutile/rutile.png>
Package pdftex.def Info: Ch10/Rutile/rutile.png  used on input line 814.
(pdftex.def)             Requested size: 136.23586pt x 102.18442pt.
<Ch10/Rutile/rutile_strand.png, id=1713, 3410.24063pt x 3179.12718pt>
File: Ch10/Rutile/rutile_strand.png Graphic file (type png)
<use Ch10/Rutile/rutile_strand.png>
Package pdftex.def Info: Ch10/Rutile/rutile_strand.png  used on input line 815.

(pdftex.def)             Requested size: 136.3864pt x 127.14343pt.
<Ch10/Rutile/rutile42.png, id=1714, 3056.41875pt x 2530.95563pt>
File: Ch10/Rutile/rutile42.png Graphic file (type png)
<use Ch10/Rutile/rutile42.png>
Package pdftex.def Info: Ch10/Rutile/rutile42.png  used on input line 816.
(pdftex.def)             Requested size: 122.23593pt x 101.22098pt.
<Ch10/Rutile/NbOCl3_2.png, id=1716, 4319.63812pt x 2354.0447pt>
File: Ch10/Rutile/NbOCl3_2.png Graphic file (type png)
<use Ch10/Rutile/NbOCl3_2.png>
Package pdftex.def Info: Ch10/Rutile/NbOCl3_2.png  used on input line 828.
(pdftex.def)             Requested size: 215.99455pt x 117.70912pt.
<Ch10/Rutile/NbOCl3.png, id=1717, 4319.63812pt x 3239.35219pt>
File: Ch10/Rutile/NbOCl3.png Graphic file (type png)
<use Ch10/Rutile/NbOCl3.png>
Package pdftex.def Info: Ch10/Rutile/NbOCl3.png  used on input line 829.
(pdftex.def)             Requested size: 172.7561pt x 129.55202pt.

Underfull \hbox (badness 10000) in paragraph at lines 804--834

 []


LaTeX Warning: `h' float specifier changed to `ht'.


LaTeX Warning: `h' float specifier changed to `ht'.


Package hyperref Warning: Token not allowed in a PDF string (Unicode):
(hyperref)                removing `math shift' on input line 834.


Package hyperref Warning: Token not allowed in a PDF string (Unicode):
(hyperref)                removing `subscript' on input line 834.


Package hyperref Warning: Token not allowed in a PDF string (Unicode):
(hyperref)                removing `math shift' on input line 834.


Underfull \hbox (badness 10000) in paragraph at lines 836--845

 []


Underfull \hbox (badness 10000) in paragraph at lines 836--845

 []



[98 <./Ch10/Spinel/spinel_framework.png> <./Ch10/Spinel/spinel_polyhedra.png> <
./Ch10/Spinel/spl0.png> <./Ch10/Spinel/spl1.png> <./Ch10/Spinel/spl2.png> <./Ch
10/Spinel/spl3.png> <./Ch10/Spinel/spl4.png> <./Ch10/Spinel/spl5.png> <./Ch10/S
pinel/spl6.png> <./Ch10/Spinel/spl7.png>]
<Ch10/Hexagonal/NiAs.png, id=1735, 3239.35219pt x 3239.35219pt>
File: Ch10/Hexagonal/NiAs.png Graphic file (type png)
<use Ch10/Hexagonal/NiAs.png>
Package pdftex.def Info: Ch10/Hexagonal/NiAs.png  used on input line 855.
(pdftex.def)             Requested size: 116.94775pt x 116.94775pt.
<Ch10/Hexagonal/CdI2.png, id=1736, 3410.24063pt x 3281.50969pt>
File: Ch10/Hexagonal/CdI2.png Graphic file (type png)
<use Ch10/Hexagonal/CdI2.png>
Package pdftex.def Info: Ch10/Hexagonal/CdI2.png  used on input line 856.
(pdftex.def)             Requested size: 136.3864pt x 131.23804pt.
<Ch10/Hexagonal/Al2O3_layer.png, id=1738, 344.73817pt x 172.45471pt>
File: Ch10/Hexagonal/Al2O3_layer.png Graphic file (type png)
<use Ch10/Hexagonal/Al2O3_layer.png>
Package pdftex.def Info: Ch10/Hexagonal/Al2O3_layer.png  used on input line 872
.
(pdftex.def)             Requested size: 275.79091pt x 137.96394pt.

Underfull \hbox (badness 10000) in paragraph at lines 849--879

 []


Underfull \hbox (badness 10000) in paragraph at lines 849--879

 []


Underfull \hbox (badness 10000) in paragraph at lines 849--879

 []


LaTeX Warning: `h' float specifier changed to `ht'.



[99 <./Ch10/Rutile/rutile.png> <./Ch10/Rutile/rutile_strand.png> <./Ch10/Rutile
/rutile42.png> <./Ch10/Rutile/NbOCl3_2.png> <./Ch10/Rutile/NbOCl3.png>]
<Ch10/Hexagonal/Al2O3.png, id=1751, 2563.32657pt x 3417.76875pt>
File: Ch10/Hexagonal/Al2O3.png Graphic file (type png)
<use Ch10/Hexagonal/Al2O3.png>
Package pdftex.def Info: Ch10/Hexagonal/Al2O3.png  used on input line 895.
(pdftex.def)             Requested size: 128.17383pt x 170.89845pt.
<Ch10/Hexagonal/Al2O3_ring.png, id=1752, 2734.215pt x 2983.39594pt>
File: Ch10/Hexagonal/Al2O3_ring.png Graphic file (type png)
<use Ch10/Hexagonal/Al2O3_ring.png>
Package pdftex.def Info: Ch10/Hexagonal/Al2O3_ring.png  used on input line 896.

(pdftex.def)             Requested size: 150.36142pt x 164.06451pt.
<Ch10/Hexagonal/Hgraphite.png, id=1754, 3417.76875pt x 3417.76875pt>
File: Ch10/Hexagonal/Hgraphite.png Graphic file (type png)
<use Ch10/Hexagonal/Hgraphite.png>
Package pdftex.def Info: Ch10/Hexagonal/Hgraphite.png  used on input line 907.
(pdftex.def)             Requested size: 136.68747pt x 136.68747pt.
<Ch10/Hexagonal/Tgraphite.png, id=1755, 1708.88437pt x 3315.38625pt>
File: Ch10/Hexagonal/Tgraphite.png Graphic file (type png)
<use Ch10/Hexagonal/Tgraphite.png>
Package pdftex.def Info: Ch10/Hexagonal/Tgraphite.png  used on input line 908.
(pdftex.def)             Requested size: 85.44922pt x 165.77902pt.

Underfull \hbox (badness 10000) in paragraph at lines 881--913

 []


Underfull \hbox (badness 10000) in paragraph at lines 881--913

 []


Underfull \hbox (badness 10000) in paragraph at lines 881--913

 []


LaTeX Warning: `h' float specifier changed to `ht'.



[100 <./Ch10/Hexagonal/NiAs.png> <./Ch10/Hexagonal/CdI2.png> <./Ch10/Hexagonal/
Al2O3_layer.png>]
<Ch10/Cubic/ZnS_2.png, id=1767, 2312.64pt x 3084.27281pt>
File: Ch10/Cubic/ZnS_2.png Graphic file (type png)
<use Ch10/Cubic/ZnS_2.png>
Package pdftex.def Info: Ch10/Cubic/ZnS_2.png  used on input line 926.
(pdftex.def)             Requested size: 92.48984pt x 123.3499pt.
<Ch10/Cubic/ZnS_1.png, id=1768, 3084.27281pt x 3084.27281pt>
File: Ch10/Cubic/ZnS_1.png Graphic file (type png)
<use Ch10/Cubic/ZnS_1.png>
Package pdftex.def Info: Ch10/Cubic/ZnS_1.png  used on input line 927.
(pdftex.def)             Requested size: 123.3499pt x 123.3499pt.
<Ch10/Cubic/SiO2.png, id=1769, 3084.27281pt x 3084.27281pt>
File: Ch10/Cubic/SiO2.png Graphic file (type png)
<use Ch10/Cubic/SiO2.png>
Package pdftex.def Info: Ch10/Cubic/SiO2.png  used on input line 928.
(pdftex.def)             Requested size: 123.3499pt x 123.3499pt.
<Ch10/Cubic/CaF2.png, id=1772, 3082.01437pt x 2934.46312pt>
File: Ch10/Cubic/CaF2.png Graphic file (type png)
<use Ch10/Cubic/CaF2.png>
Package pdftex.def Info: Ch10/Cubic/CaF2.png  used on input line 942.
(pdftex.def)             Requested size: 123.25958pt x 117.35854pt.
<Ch10/Cubic/CaF2_2.png, id=1773, 3084.27281pt x 3084.27281pt>
File: Ch10/Cubic/CaF2_2.png Graphic file (type png)
<use Ch10/Cubic/CaF2_2.png>
Package pdftex.def Info: Ch10/Cubic/CaF2_2.png  used on input line 943.
(pdftex.def)             Requested size: 123.3499pt x 123.3499pt.

Underfull \hbox (badness 10000) in paragraph at lines 915--948

 []


Underfull \hbox (badness 10000) in paragraph at lines 915--948

 []


LaTeX Warning: `h' float specifier changed to `ht'.



[101 <./Ch10/Hexagonal/Al2O3.png> <./Ch10/Hexagonal/Al2O3_ring.png> <./Ch10/Hex
agonal/Hgraphite.png> <./Ch10/Hexagonal/Tgraphite.png>]

[102 <./Ch10/Cubic/ZnS_2.png> <./Ch10/Cubic/ZnS_1.png> <./Ch10/Cubic/SiO2.png> 
<./Ch10/Cubic/CaF2.png> <./Ch10/Cubic/CaF2_2.png>]
Underfull \hbox (badness 10000) in paragraph at lines 1048--1059

 []


Underfull \hbox (badness 10000) in paragraph at lines 1048--1059

 []



[103]
Underfull \hbox (badness 10000) in paragraph at lines 1061--1068

 []


Underfull \hbox (badness 10000) in paragraph at lines 1087--1097

 []



[104]

[105]
Underfull \hbox (badness 10000) in paragraph at lines 1189--1195

 []

<Ch10/Lattice/band.png, id=1815, 1610.26593pt x 416.30531pt>
File: Ch10/Lattice/band.png Graphic file (type png)
<use Ch10/Lattice/band.png>
Package pdftex.def Info: Ch10/Lattice/band.png  used on input line 1206.
(pdftex.def)             Requested size: 354.2596pt x 91.58745pt.

Underfull \hbox (badness 10000) in paragraph at lines 1215--1221

 []



[106 <./Ch10/Lattice/band.png>]
Underfull \hbox (badness 10000) in paragraph at lines 1234--1244

 []

)

[107] (./Part II Structure.aux (./Ch1/Chapter1.aux) (./Ch2/Chapter2.aux)
(./Ch3/Chapter3.aux) (./Ch4/Chapter4.aux) (./Ch5/Chapter5.aux)
(./Ch6/Chapter6.aux) (./Ch7/Chapter7.aux) (./Ch8/Chapter8.aux)
(./Ch9/Chapter9.aux) (./Ch10/Chapter10.aux))
 ***********
LaTeX2e <2024-06-01> patch level 2
L3 programming layer <2024-05-27>
 ***********


LaTeX Warning: Label(s) may have changed. Rerun to get cross-references right.

Package rerunfilecheck Info: File `"Part II Structure".out' has not changed.
(rerunfilecheck)             Checksum: 81EA21B7E7F03DF8C16851964B621207;36320.
 ) 
Here is how much of TeX's memory you used:
 15695 strings out of 473584
 256538 string characters out of 5732364
 1947908 words of memory out of 5000000
 37855 multiletter control sequences out of 15000+600000
 586584 words of font info for 104 fonts, out of 8000000 for 9000
 1141 hyphenation exceptions out of 8191
 79i,13n,93p,556b,534s stack positions out of 10000i,1000n,20000p,200000b,200000s
<c:/texlive/2024/texmf-dist/fonts/type1/public/amsfonts/cm/cmbx10.pfb><c:/tex
live/2024/texmf-dist/fonts/type1/public/amsfonts/cm/cmex10.pfb><c:/texlive/2024
/texmf-dist/fonts/type1/public/amsfonts/cm/cmmi10.pfb><c:/texlive/2024/texmf-di
st/fonts/type1/public/amsfonts/cm/cmmi12.pfb><c:/texlive/2024/texmf-dist/fonts/
type1/public/amsfonts/cm/cmmi7.pfb><c:/texlive/2024/texmf-dist/fonts/type1/publ
ic/amsfonts/cm/cmmi8.pfb><c:/texlive/2024/texmf-dist/fonts/type1/public/amsfont
s/cm/cmmib10.pfb><c:/texlive/2024/texmf-dist/fonts/type1/public/amsfonts/cm/cmr
10.pfb><c:/texlive/2024/texmf-dist/fonts/type1/public/amsfonts/cm/cmr5.pfb><c:/
texlive/2024/texmf-dist/fonts/type1/public/amsfonts/cm/cmr7.pfb><c:/texlive/202
4/texmf-dist/fonts/type1/public/amsfonts/cm/cmsy10.pfb><c:/texlive/2024/texmf-d
ist/fonts/type1/public/amsfonts/cm/cmsy5.pfb><c:/texlive/2024/texmf-dist/fonts/
type1/public/amsfonts/cm/cmsy7.pfb><c:/texlive/2024/texmf-dist/fonts/type1/publ
ic/amsfonts/symbols/msam10.pfb><c:/texlive/2024/texmf-dist/fonts/type1/public/a
msfonts/symbols/msbm10.pfb><c:/texlive/2024/texmf-dist/fonts/type1/public/amsfo
nts/symbols/msbm7.pfb><c:/texlive/2024/texmf-dist/fonts/type1/public/cm-super/s
fbx0700.pfb><c:/texlive/2024/texmf-dist/fonts/type1/public/cm-super/sfbx0800.pf
b><c:/texlive/2024/texmf-dist/fonts/type1/public/cm-super/sfbx1000.pfb><c:/texl
ive/2024/texmf-dist/fonts/type1/public/cm-super/sfbx1200.pfb><c:/texlive/2024/t
exmf-dist/fonts/type1/public/cm-super/sfbx1440.pfb><c:/texlive/2024/texmf-dist/
fonts/type1/public/cm-super/sfbx2074.pfb><c:/texlive/2024/texmf-dist/fonts/type
1/public/cm-super/sfbx2488.pfb><c:/texlive/2024/texmf-dist/fonts/type1/public/c
m-super/sfrm0500.pfb><c:/texlive/2024/texmf-dist/fonts/type1/public/cm-super/sf
rm0700.pfb><c:/texlive/2024/texmf-dist/fonts/type1/public/cm-super/sfrm0900.pfb
><c:/texlive/2024/texmf-dist/fonts/type1/public/cm-super/sfrm1000.pfb><c:/texli
ve/2024/texmf-dist/fonts/type1/public/cm-super/sfrm1200.pfb><c:/texlive/2024/te
xmf-dist/fonts/type1/public/cm-super/sfti1000.pfb>
Output written on "Part II Structure.pdf" (108 pages, 117002094 bytes).
PDF statistics:
 2057 PDF objects out of 2073 (max. 8388607)
 1694 compressed objects within 17 object streams
 446 named destinations out of 1000 (max. 500000)
 1900 words of extra memory for PDF output out of 10000 (max. 10000000)

